Archive member included to satisfy reference by file (symbol)

c:/intelfpga_lite/19.1/nios2eds/bin/gnu/h-x86_64-mingw32/bin/../lib/gcc/nios2-elf/8.3.1/../../../../../H-x86_64-mingw32/nios2-elf/lib\libc.a(lib_a-puts.o)
                              obj/default/hello_world.o (puts)
c:/intelfpga_lite/19.1/nios2eds/bin/gnu/h-x86_64-mingw32/bin/../lib/gcc/nios2-elf/8.3.1/../../../../../H-x86_64-mingw32/nios2-elf/lib\libc.a(lib_a-strlen.o)
                              c:/intelfpga_lite/19.1/nios2eds/bin/gnu/h-x86_64-mingw32/bin/../lib/gcc/nios2-elf/8.3.1/../../../../../H-x86_64-mingw32/nios2-elf/lib\libc.a(lib_a-puts.o) (strlen)
c:/intelfpga_lite/19.1/nios2eds/bin/gnu/h-x86_64-mingw32/bin/../lib/gcc/nios2-elf/8.3.1/../../../../../H-x86_64-mingw32/nios2-elf/lib\libc.a(lib_a-findfp.o)
                              c:/intelfpga_lite/19.1/nios2eds/bin/gnu/h-x86_64-mingw32/bin/../lib/gcc/nios2-elf/8.3.1/../../../../../H-x86_64-mingw32/nios2-elf/lib\libc.a(lib_a-puts.o) (__sinit)
c:/intelfpga_lite/19.1/nios2eds/bin/gnu/h-x86_64-mingw32/bin/../lib/gcc/nios2-elf/8.3.1/../../../../../H-x86_64-mingw32/nios2-elf/lib\libc.a(lib_a-fvwrite.o)
                              c:/intelfpga_lite/19.1/nios2eds/bin/gnu/h-x86_64-mingw32/bin/../lib/gcc/nios2-elf/8.3.1/../../../../../H-x86_64-mingw32/nios2-elf/lib\libc.a(lib_a-puts.o) (__sfvwrite_r)
c:/intelfpga_lite/19.1/nios2eds/bin/gnu/h-x86_64-mingw32/bin/../lib/gcc/nios2-elf/8.3.1/../../../../../H-x86_64-mingw32/nios2-elf/lib\libc.a(lib_a-fwalk.o)
                              c:/intelfpga_lite/19.1/nios2eds/bin/gnu/h-x86_64-mingw32/bin/../lib/gcc/nios2-elf/8.3.1/../../../../../H-x86_64-mingw32/nios2-elf/lib\libc.a(lib_a-findfp.o) (_fwalk)
c:/intelfpga_lite/19.1/nios2eds/bin/gnu/h-x86_64-mingw32/bin/../lib/gcc/nios2-elf/8.3.1/../../../../../H-x86_64-mingw32/nios2-elf/lib\libc.a(lib_a-impure.o)
                              c:/intelfpga_lite/19.1/nios2eds/bin/gnu/h-x86_64-mingw32/bin/../lib/gcc/nios2-elf/8.3.1/../../../../../H-x86_64-mingw32/nios2-elf/lib\libc.a(lib_a-findfp.o) (_global_impure_ptr)
c:/intelfpga_lite/19.1/nios2eds/bin/gnu/h-x86_64-mingw32/bin/../lib/gcc/nios2-elf/8.3.1/../../../../../H-x86_64-mingw32/nios2-elf/lib\libc.a(lib_a-mallocr.o)
                              c:/intelfpga_lite/19.1/nios2eds/bin/gnu/h-x86_64-mingw32/bin/../lib/gcc/nios2-elf/8.3.1/../../../../../H-x86_64-mingw32/nios2-elf/lib\libc.a(lib_a-findfp.o) (_malloc_r)
c:/intelfpga_lite/19.1/nios2eds/bin/gnu/h-x86_64-mingw32/bin/../lib/gcc/nios2-elf/8.3.1/../../../../../H-x86_64-mingw32/nios2-elf/lib\libc.a(lib_a-memchr.o)
                              c:/intelfpga_lite/19.1/nios2eds/bin/gnu/h-x86_64-mingw32/bin/../lib/gcc/nios2-elf/8.3.1/../../../../../H-x86_64-mingw32/nios2-elf/lib\libc.a(lib_a-fvwrite.o) (memchr)
c:/intelfpga_lite/19.1/nios2eds/bin/gnu/h-x86_64-mingw32/bin/../lib/gcc/nios2-elf/8.3.1/../../../../../H-x86_64-mingw32/nios2-elf/lib\libc.a(lib_a-memcpy.o)
                              c:/intelfpga_lite/19.1/nios2eds/bin/gnu/h-x86_64-mingw32/bin/../lib/gcc/nios2-elf/8.3.1/../../../../../H-x86_64-mingw32/nios2-elf/lib\libc.a(lib_a-fvwrite.o) (memcpy)
c:/intelfpga_lite/19.1/nios2eds/bin/gnu/h-x86_64-mingw32/bin/../lib/gcc/nios2-elf/8.3.1/../../../../../H-x86_64-mingw32/nios2-elf/lib\libc.a(lib_a-memmove.o)
                              c:/intelfpga_lite/19.1/nios2eds/bin/gnu/h-x86_64-mingw32/bin/../lib/gcc/nios2-elf/8.3.1/../../../../../H-x86_64-mingw32/nios2-elf/lib\libc.a(lib_a-fvwrite.o) (memmove)
c:/intelfpga_lite/19.1/nios2eds/bin/gnu/h-x86_64-mingw32/bin/../lib/gcc/nios2-elf/8.3.1/../../../../../H-x86_64-mingw32/nios2-elf/lib\libc.a(lib_a-memset.o)
                              c:/intelfpga_lite/19.1/nios2eds/bin/gnu/h-x86_64-mingw32/bin/../lib/gcc/nios2-elf/8.3.1/../../../../../H-x86_64-mingw32/nios2-elf/lib\libc.a(lib_a-findfp.o) (memset)
c:/intelfpga_lite/19.1/nios2eds/bin/gnu/h-x86_64-mingw32/bin/../lib/gcc/nios2-elf/8.3.1/../../../../../H-x86_64-mingw32/nios2-elf/lib\libc.a(lib_a-reallocr.o)
                              c:/intelfpga_lite/19.1/nios2eds/bin/gnu/h-x86_64-mingw32/bin/../lib/gcc/nios2-elf/8.3.1/../../../../../H-x86_64-mingw32/nios2-elf/lib\libc.a(lib_a-fvwrite.o) (_realloc_r)
c:/intelfpga_lite/19.1/nios2eds/bin/gnu/h-x86_64-mingw32/bin/../lib/gcc/nios2-elf/8.3.1/../../../../../H-x86_64-mingw32/nios2-elf/lib\libc.a(lib_a-sbrkr.o)
                              c:/intelfpga_lite/19.1/nios2eds/bin/gnu/h-x86_64-mingw32/bin/../lib/gcc/nios2-elf/8.3.1/../../../../../H-x86_64-mingw32/nios2-elf/lib\libc.a(lib_a-mallocr.o) (_sbrk_r)
c:/intelfpga_lite/19.1/nios2eds/bin/gnu/h-x86_64-mingw32/bin/../lib/gcc/nios2-elf/8.3.1/../../../../../H-x86_64-mingw32/nios2-elf/lib\libc.a(lib_a-stdio.o)
                              c:/intelfpga_lite/19.1/nios2eds/bin/gnu/h-x86_64-mingw32/bin/../lib/gcc/nios2-elf/8.3.1/../../../../../H-x86_64-mingw32/nios2-elf/lib\libc.a(lib_a-findfp.o) (__sread)
[...]
Memory Configuration

Name             Origin             Length             Attributes
reset            0x0000000000008000 0x0000000000000020
onchip_memory2   0x0000000000008020 0x0000000000006570
*default*        0x0000000000000000 0xffffffffffffffff

Linker script and memory map

LOAD C:/Users/jeff7/Documents/GitHub/FPGA/CPU-blinkLed/software/blinkLed_bsp/obj/HAL/src/crt0.o
LOAD obj/default/hello_world.o
LOAD c:/intelfpga_lite/19.1/nios2eds/bin/gnu/h-x86_64-mingw32/bin/../lib/gcc/nios2-elf/8.3.1/../../../../../H-x86_64-mingw32/nios2-elf/lib\libstdc++.a
LOAD c:/intelfpga_lite/19.1/nios2eds/bin/gnu/h-x86_64-mingw32/bin/../lib/gcc/nios2-elf/8.3.1/../../../../../H-x86_64-mingw32/nios2-elf/lib\libm.a
LOAD c:/intelfpga_lite/19.1/nios2eds/bin/gnu/h-x86_64-mingw32/bin/../lib/gcc/nios2-elf/8.3.1\libgcc.a
START GROUP
LOAD c:/intelfpga_lite/19.1/nios2eds/bin/gnu/h-x86_64-mingw32/bin/../lib/gcc/nios2-elf/8.3.1/../../../../../H-x86_64-mingw32/nios2-elf/lib\libc.a
LOAD c:/intelfpga_lite/19.1/nios2eds/bin/gnu/h-x86_64-mingw32/bin/../lib/gcc/nios2-elf/8.3.1\libgcc.a
LOAD C:/Users/jeff7/Documents/GitHub/FPGA/CPU-blinkLed/software/blinkLed_bsp/\libhal_bsp.a
LOAD c:/intelfpga_lite/19.1/nios2eds/bin/gnu/h-x86_64-mingw32/bin/../lib/gcc/nios2-elf/8.3.1/../../../../../H-x86_64-mingw32/nios2-elf/lib\libm.a
END GROUP
LOAD c:/intelfpga_lite/19.1/nios2eds/bin/gnu/h-x86_64-mingw32/bin/../lib/gcc/nios2-elf/8.3.1\libgcc.a
                0x0000000000008000                __alt_mem_onchip_memory2 = 0x8000

.entry          0x0000000000008000       0x20
 *(.entry)
 .entry         0x0000000000008000       0x20 C:/Users/jeff7/Documents/GitHub/FPGA/CPU-blinkLed/software/blinkLed_bsp/obj/HAL/src/crt0.o
                0x0000000000008000                __reset

.exceptions     0x0000000000008020      0x21c
                0x0000000000008020                PROVIDE (__ram_exceptions_start = ABSOLUTE (.))
                0x0000000000008020                . = ALIGN (0x20)
 *(.irq)
 *(.exceptions.entry.label)
 .exceptions.entry.label
                0x0000000000008020        0x0 C:/Users/jeff7/Documents/GitHub/FPGA/CPU-blinkLed/software/blinkLed_bsp/\libhal_bsp.a(alt_irq_entry.o)
                0x0000000000008020                alt_irq_entry
 .exceptions.entry.label
                0x0000000000008020        0x0 C:/Users/jeff7/Documents/GitHub/FPGA/CPU-blinkLed/software/blinkLed_bsp/\libhal_bsp.a(alt_exception_entry.o)
                0x0000000000008020                alt_exception
 *(.exceptions.entry.user)
 *(.exceptions.entry.ecc_fatal)
 *(.exceptions.entry)
 .exceptions.entry
                0x0000000000008020       0x54 C:/Users/jeff7/Documents/GitHub/FPGA/CPU-blinkLed/software/blinkLed_bsp/\libhal_bsp.a(alt_exception_entry.o)
 *(.exceptions.irqtest.user)
 *(.exceptions.irqtest)
 .exceptions.irqtest
                0x0000000000008074       0x10 C:/Users/jeff7/Documents/GitHub/FPGA/CPU-blinkLed/software/blinkLed_bsp/\libhal_bsp.a(alt_irq_entry.o)
 *(.exceptions.irqhandler.user)
 *(.exceptions.irqhandler)
 .exceptions.irqhandler
                0x0000000000008084        0x4 C:/Users/jeff7/Documents/GitHub/FPGA/CPU-blinkLed/software/blinkLed_bsp/\libhal_bsp.a(alt_irq_entry.o)
 *(.exceptions.irqreturn.user)
 *(.exceptions.irqreturn)
 .exceptions.irqreturn
                0x0000000000008088        0x4 C:/Users/jeff7/Documents/GitHub/FPGA/CPU-blinkLed/software/blinkLed_bsp/\libhal_bsp.a(alt_irq_entry.o)
 *(.exceptions.notirq.label)
 .exceptions.notirq.label
                0x000000000000808c        0x0 C:/Users/jeff7/Documents/GitHub/FPGA/CPU-blinkLed/software/blinkLed_bsp/\libhal_bsp.a(alt_irq_entry.o)
 *(.exceptions.notirq.user)
 *(.exceptions.notirq)
 .exceptions.notirq
                0x000000000000808c        0x8 C:/Users/jeff7/Documents/GitHub/FPGA/CPU-blinkLed/software/blinkLed_bsp/\libhal_bsp.a(alt_exception_entry.o)
 *(.exceptions.soft.user)
 *(.exceptions.soft)
 *(.exceptions.unknown.user)
 *(.exceptions.unknown)
 .exceptions.unknown
                0x0000000000008094       0x14 C:/Users/jeff7/Documents/GitHub/FPGA/CPU-blinkLed/software/blinkLed_bsp/\libhal_bsp.a(alt_exception_entry.o)
 *(.exceptions.exit.label)
 .exceptions.exit.label
                0x00000000000080a8        0x0 C:/Users/jeff7/Documents/GitHub/FPGA/CPU-blinkLed/software/blinkLed_bsp/\libhal_bsp.a(alt_irq_entry.o)
 .exceptions.exit.label
                0x00000000000080a8        0x0 C:/Users/jeff7/Documents/GitHub/FPGA/CPU-blinkLed/software/blinkLed_bsp/\libhal_bsp.a(alt_exception_entry.o)
 *(.exceptions.exit.user)
 *(.exceptions.exit)
 .exceptions.exit
                0x00000000000080a8       0x54 C:/Users/jeff7/Documents/GitHub/FPGA/CPU-blinkLed/software/blinkLed_bsp/\libhal_bsp.a(alt_exception_entry.o)
 *(.exceptions)
 .exceptions    0x00000000000080fc       0xcc C:/Users/jeff7/Documents/GitHub/FPGA/CPU-blinkLed/software/blinkLed_bsp/\libhal_bsp.a(alt_irq_handler.o)
                0x00000000000080fc                alt_irq_handler
 .exceptions    0x00000000000081c8       0x74 C:/Users/jeff7/Documents/GitHub/FPGA/CPU-blinkLed/software/blinkLed_bsp/\libhal_bsp.a(alt_instruction_exception_entry.o)
                0x00000000000081c8                alt_instruction_exception_entry
                0x000000000000823c                PROVIDE (__ram_exceptions_end = ABSOLUTE (.))
                0x0000000000008020                PROVIDE (__flash_exceptions_start = LOADADDR (.exceptions))

.text           0x000000000000823c     0x5248
                [!provide]                        PROVIDE (stext = ABSOLUTE (.))
 *(.interp)
 *(.hash)
 *(.dynsym)
 *(.dynstr)
 *(.gnu.version)
 *(.gnu.version_d)
 *(.gnu.version_r)
 *(.rel.init)
 *(.rela.init)
 *(.rel.text .rel.text.* .rel.gnu.linkonce.t.*)
 *(.rela.text .rela.text.* .rela.gnu.linkonce.t.*)
 *(.rel.fini)
 *(.rela.fini)
 *(.rel.rodata .rel.rodata.* .rel.gnu.linkonce.r.*)
 *(.rela.rodata .rela.rodata.* .rela.gnu.linkonce.r.*)
 *(.rel.data .rel.data.* .rel.gnu.linkonce.d.*)
 *(.rela.data .rela.data.* .rela.gnu.linkonce.d.*)
 *(.rel.tdata .rel.tdata.* .rel.gnu.linkonce.td.*)
 *(.rela.tdata .rela.tdata.* .rela.gnu.linkonce.td.*)
 *(.rel.tbss .rel.tbss.* .rel.gnu.linkonce.tb.*)
 *(.rela.tbss .rela.tbss.* .rela.gnu.linkonce.tb.*)
 *(.rel.ctors)
 *(.rela.ctors)
 *(.rel.dtors)
 *(.rela.dtors)
 *(.rel.got)
 *(.rela.got)
 *(.rel.sdata .rel.sdata.* .rel.gnu.linkonce.s.*)
 *(.rela.sdata .rela.sdata.* .rela.gnu.linkonce.s.*)
 *(.rel.sbss .rel.sbss.* .rel.gnu.linkonce.sb.*)
 *(.rela.sbss .rela.sbss.* .rela.gnu.linkonce.sb.*)
 *(.rel.sdata2 .rel.sdata2.* .rel.gnu.linkonce.s2.*)
 *(.rela.sdata2 .rela.sdata2.* .rela.gnu.linkonce.s2.*)
 *(.rel.sbss2 .rel.sbss2.* .rel.gnu.linkonce.sb2.*)
 *(.rela.sbss2 .rela.sbss2.* .rela.gnu.linkonce.sb2.*)
 *(.rel.bss .rel.bss.* .rel.gnu.linkonce.b.*)
 *(.rela.bss .rela.bss.* .rela.gnu.linkonce.b.*)
 *(.rel.plt)
 *(.rela.plt)
 *(.rel.dyn)
 *(.init)
 *(.plt)
 *(.text .stub .text.* .gnu.linkonce.t.*)
 .text          0x000000000000823c       0x4c C:/Users/jeff7/Documents/GitHub/FPGA/CPU-blinkLed/software/blinkLed_bsp/obj/HAL/src/crt0.o
                0x000000000000823c                _start
 .text          0x0000000000008288       0x34 obj/default/hello_world.o
                0x0000000000008288                main
 .text          0x00000000000082bc        0x0 c:/intelfpga_lite/19.1/nios2eds/bin/gnu/h-x86_64-mingw32/bin/../lib/gcc/nios2-elf/8.3.1/../../../../../H-x86_64-mingw32/nios2-elf/lib\libc.a(lib_a-puts.o)
 .text._puts_r  0x00000000000082bc       0xcc c:/intelfpga_lite/19.1/nios2eds/bin/gnu/h-x86_64-mingw32/bin/../lib/gcc/nios2-elf/8.3.1/../../../../../H-x86_64-mingw32/nios2-elf/lib\libc.a(lib_a-puts.o)
                0x00000000000082bc                _puts_r
 .text.puts     0x0000000000008388       0x10 c:/intelfpga_lite/19.1/nios2eds/bin/gnu/h-x86_64-mingw32/bin/../lib/gcc/nios2-elf/8.3.1/../../../../../H-x86_64-mingw32/nios2-elf/lib\libc.a(lib_a-puts.o)
                0x0000000000008388                puts
 .text          0x0000000000008398        0x0 c:/intelfpga_lite/19.1/nios2eds/bin/gnu/h-x86_64-mingw32/bin/../lib/gcc/nios2-elf/8.3.1/../../../../../H-x86_64-mingw32/nios2-elf/lib\libc.a(lib_a-strlen.o)
 .text.strlen   0x0000000000008398       0x98 c:/intelfpga_lite/19.1/nios2eds/bin/gnu/h-x86_64-mingw32/bin/../lib/gcc/nios2-elf/8.3.1/../../../../../H-x86_64-mingw32/nios2-elf/lib\libc.a(lib_a-strlen.o)
                0x0000000000008398                strlen
 .text          0x0000000000008430        0x0 c:/intelfpga_lite/19.1/nios2eds/bin/gnu/h-x86_64-mingw32/bin/../lib/gcc/nios2-elf/8.3.1/../../../../../H-x86_64-mingw32/nios2-elf/lib\libc.a(lib_a-findfp.o)
 .text.__fp_lock
                0x0000000000008430        0x8 c:/intelfpga_lite/19.1/nios2eds/bin/gnu/h-x86_64-mingw32/bin/../lib/gcc/nios2-elf/8.3.1/../../../../../H-x86_64-mingw32/nios2-elf/lib\libc.a(lib_a-findfp.o)
 .text._cleanup_r
                0x0000000000008438        0xc c:/intelfpga_lite/19.1/nios2eds/bin/gnu/h-x86_64-mingw32/bin/../lib/gcc/nios2-elf/8.3.1/../../../../../H-x86_64-mingw32/nios2-elf/lib\libc.a(lib_a-findfp.o)
                0x0000000000008438                _cleanup_r
 .text.__sinit.part.0
                0x0000000000008444      0x168 c:/intelfpga_lite/19.1/nios2eds/bin/gnu/h-x86_64-mingw32/bin/../lib/gcc/nios2-elf/8.3.1/../../../../../H-x86_64-mingw32/nios2-elf/lib\libc.a(lib_a-findfp.o)
 .text.__fp_unlock
                0x00000000000085ac        0x8 c:/intelfpga_lite/19.1/nios2eds/bin/gnu/h-x86_64-mingw32/bin/../lib/gcc/nios2-elf/8.3.1/../../../../../H-x86_64-mingw32/nios2-elf/lib\libc.a(lib_a-findfp.o)
 .text.__sfmoreglue
                0x00000000000085b4       0x68 c:/intelfpga_lite/19.1/nios2eds/bin/gnu/h-x86_64-mingw32/bin/../lib/gcc/nios2-elf/8.3.1/../../../../../H-x86_64-mingw32/nios2-elf/lib\libc.a(lib_a-findfp.o)
                0x00000000000085b4                __sfmoreglue
 .text.__sfp    0x000000000000861c       0xfc c:/intelfpga_lite/19.1/nios2eds/bin/gnu/h-x86_64-mingw32/bin/../lib/gcc/nios2-elf/8.3.1/../../../../../H-x86_64-mingw32/nios2-elf/lib\libc.a(lib_a-findfp.o)
                0x000000000000861c                __sfp
 .text._cleanup
                0x0000000000008718       0x14 c:/intelfpga_lite/19.1/nios2eds/bin/gnu/h-x86_64-mingw32/bin/../lib/gcc/nios2-elf/8.3.1/../../../../../H-x86_64-mingw32/nios2-elf/lib\libc.a(lib_a-findfp.o)
                0x0000000000008718                _cleanup
 .text.__sinit  0x000000000000872c       0x10 c:/intelfpga_lite/19.1/nios2eds/bin/gnu/h-x86_64-mingw32/bin/../lib/gcc/nios2-elf/8.3.1/../../../../../H-x86_64-mingw32/nios2-elf/lib\libc.a(lib_a-findfp.o)
                0x000000000000872c                __sinit
 .text.__sfp_lock_acquire
                0x000000000000873c        0x4 c:/intelfpga_lite/19.1/nios2eds/bin/gnu/h-x86_64-mingw32/bin/../lib/gcc/nios2-elf/8.3.1/../../../../../H-x86_64-mingw32/nios2-elf/lib\libc.a(lib_a-findfp.o)
                0x000000000000873c                __sfp_lock_acquire
 .text.__sfp_lock_release
                0x0000000000008740        0x4 c:/intelfpga_lite/19.1/nios2eds/bin/gnu/h-x86_64-mingw32/bin/../lib/gcc/nios2-elf/8.3.1/../../../../../H-x86_64-mingw32/nios2-elf/lib\libc.a(lib_a-findfp.o)
                0x0000000000008740                __sfp_lock_release
 .text.__sinit_lock_acquire
                0x0000000000008744        0x4 c:/intelfpga_lite/19.1/nios2eds/bin/gnu/h-x86_64-mingw32/bin/../lib/gcc/nios2-elf/8.3.1/../../../../../H-x86_64-mingw32/nios2-elf/lib\libc.a(lib_a-findfp.o)
                0x0000000000008744                __sinit_lock_acquire
 .text.__sinit_lock_release
                0x0000000000008748        0x4 c:/intelfpga_lite/19.1/nios2eds/bin/gnu/h-x86_64-mingw32/bin/../lib/gcc/nios2-elf/8.3.1/../../../../../H-x86_64-mingw32/nios2-elf/lib\libc.a(lib_a-findfp.o)
                0x0000000000008748                __sinit_lock_release
 .text.__fp_lock_all
                0x000000000000874c       0x14 c:/intelfpga_lite/19.1/nios2eds/bin/gnu/h-x86_64-mingw32/bin/../lib/gcc/nios2-elf/8.3.1/../../../../../H-x86_64-mingw32/nios2-elf/lib\libc.a(lib_a-findfp.o)
                0x000000000000874c                __fp_lock_all
 .text.__fp_unlock_all
                0x0000000000008760       0x14 c:/intelfpga_lite/19.1/nios2eds/bin/gnu/h-x86_64-mingw32/bin/../lib/gcc/nios2-elf/8.3.1/../../../../../H-x86_64-mingw32/nios2-elf/lib\libc.a(lib_a-findfp.o)
                0x0000000000008760                __fp_unlock_all
 .text          0x0000000000008774        0x0 c:/intelfpga_lite/19.1/nios2eds/bin/gnu/h-x86_64-mingw32/bin/../lib/gcc/nios2-elf/8.3.1/../../../../../H-x86_64-mingw32/nios2-elf/lib\libc.a(lib_a-fvwrite.o)
 .text.__sfvwrite_r
                0x0000000000008774      0x4c4 c:/intelfpga_lite/19.1/nios2eds/bin/gnu/h-x86_64-mingw32/bin/../lib/gcc/nios2-elf/8.3.1/../../../../../H-x86_64-mingw32/nios2-elf/lib\libc.a(lib_a-fvwrite.o)
                0x0000000000008774                __sfvwrite_r
 .text          0x0000000000008c38        0x0 c:/intelfpga_lite/19.1/nios2eds/bin/gnu/h-x86_64-mingw32/bin/../lib/gcc/nios2-elf/8.3.1/../../../../../H-x86_64-mingw32/nios2-elf/lib\libc.a(lib_a-fwalk.o)
 .text._fwalk   0x0000000000008c38       0xa4 c:/intelfpga_lite/19.1/nios2eds/bin/gnu/h-x86_64-mingw32/bin/../lib/gcc/nios2-elf/8.3.1/../../../../../H-x86_64-mingw32/nios2-elf/lib\libc.a(lib_a-fwalk.o)
                0x0000000000008c38                _fwalk
 .text._fwalk_reent
                0x0000000000008cdc       0xb4 c:/intelfpga_lite/19.1/nios2eds/bin/gnu/h-x86_64-mingw32/bin/../lib/gcc/nios2-elf/8.3.1/../../../../../H-x86_64-mingw32/nios2-elf/lib\libc.a(lib_a-fwalk.o)
                0x0000000000008cdc                _fwalk_reent
 .text          0x0000000000008d90        0x0 c:/intelfpga_lite/19.1/nios2eds/bin/gnu/h-x86_64-mingw32/bin/../lib/gcc/nios2-elf/8.3.1/../../../../../H-x86_64-mingw32/nios2-elf/lib\libc.a(lib_a-impure.o)
 .text          0x0000000000008d90        0x0 c:/intelfpga_lite/19.1/nios2eds/bin/gnu/h-x86_64-mingw32/bin/../lib/gcc/nios2-elf/8.3.1/../../../../../H-x86_64-mingw32/nios2-elf/lib\libc.a(lib_a-mallocr.o)
 .text._malloc_r
                0x0000000000008d90      0x7f4 c:/intelfpga_lite/19.1/nios2eds/bin/gnu/h-x86_64-mingw32/bin/../lib/gcc/nios2-elf/8.3.1/../../../../../H-x86_64-mingw32/nios2-elf/lib\libc.a(lib_a-mallocr.o)
                0x0000000000008d90                _malloc_r
 .text          0x0000000000009584        0x0 c:/intelfpga_lite/19.1/nios2eds/bin/gnu/h-x86_64-mingw32/bin/../lib/gcc/nios2-elf/8.3.1/../../../../../H-x86_64-mingw32/nios2-elf/lib\libc.a(lib_a-memchr.o)
 .text.memchr   0x0000000000009584       0xe8 c:/intelfpga_lite/19.1/nios2eds/bin/gnu/h-x86_64-mingw32/bin/../lib/gcc/nios2-elf/8.3.1/../../../../../H-x86_64-mingw32/nios2-elf/lib\libc.a(lib_a-memchr.o)
                0x0000000000009584                memchr
 .text          0x000000000000966c        0x0 c:/intelfpga_lite/19.1/nios2eds/bin/gnu/h-x86_64-mingw32/bin/../lib/gcc/nios2-elf/8.3.1/../../../../../H-x86_64-mingw32/nios2-elf/lib\libc.a(lib_a-memcpy.o)
 .text.memcpy   0x000000000000966c      0x100 c:/intelfpga_lite/19.1/nios2eds/bin/gnu/h-x86_64-mingw32/bin/../lib/gcc/nios2-elf/8.3.1/../../../../../H-x86_64-mingw32/nios2-elf/lib\libc.a(lib_a-memcpy.o)
                0x000000000000966c                memcpy
 .text          0x000000000000976c        0x0 c:/intelfpga_lite/19.1/nios2eds/bin/gnu/h-x86_64-mingw32/bin/../lib/gcc/nios2-elf/8.3.1/../../../../../H-x86_64-mingw32/nios2-elf/lib\libc.a(lib_a-memmove.o)
 .text.memmove  0x000000000000976c      0x12c c:/intelfpga_lite/19.1/nios2eds/bin/gnu/h-x86_64-mingw32/bin/../lib/gcc/nios2-elf/8.3.1/../../../../../H-x86_64-mingw32/nios2-elf/lib\libc.a(lib_a-memmove.o)
                0x000000000000976c                memmove
 .text          0x0000000000009898        0x0 c:/intelfpga_lite/19.1/nios2eds/bin/gnu/h-x86_64-mingw32/bin/../lib/gcc/nios2-elf/8.3.1/../../../../../H-x86_64-mingw32/nios2-elf/lib\libc.a(lib_a-memset.o)
 .text.memset   0x0000000000009898       0xf0 c:/intelfpga_lite/19.1/nios2eds/bin/gnu/h-x86_64-mingw32/bin/../lib/gcc/nios2-elf/8.3.1/../../../../../H-x86_64-mingw32/nios2-elf/lib\libc.a(lib_a-memset.o)
                0x0000000000009898                memset
 .text          0x0000000000009988        0x0 c:/intelfpga_lite/19.1/nios2eds/bin/gnu/h-x86_64-mingw32/bin/../lib/gcc/nios2-elf/8.3.1/../../../../../H-x86_64-mingw32/nios2-elf/lib\libc.a(lib_a-reallocr.o)
 .text._realloc_r
                0x0000000000009988      0x62c c:/intelfpga_lite/19.1/nios2eds/bin/gnu/h-x86_64-mingw32/bin/../lib/gcc/nios2-elf/8.3.1/../../../../../H-x86_64-mingw32/nios2-elf/lib\libc.a(lib_a-reallocr.o)
                0x0000000000009988                _realloc_r
 .text          0x0000000000009fb4        0x0 c:/intelfpga_lite/19.1/nios2eds/bin/gnu/h-x86_64-mingw32/bin/../lib/gcc/nios2-elf/8.3.1/../../../../../H-x86_64-mingw32/nios2-elf/lib\libc.a(lib_a-sbrkr.o)
 .text._sbrk_r  0x0000000000009fb4       0x58 c:/intelfpga_lite/19.1/nios2eds/bin/gnu/h-x86_64-mingw32/bin/../lib/gcc/nios2-elf/8.3.1/../../../../../H-x86_64-mingw32/nios2-elf/lib\libc.a(lib_a-sbrkr.o)
                0x0000000000009fb4                _sbrk_r
 .text          0x000000000000a00c        0x0 c:/intelfpga_lite/19.1/nios2eds/bin/gnu/h-x86_64-mingw32/bin/../lib/gcc/nios2-elf/8.3.1/../../../../../H-x86_64-mingw32/nios2-elf/lib\libc.a(lib_a-stdio.o)
 .text.__sread  0x000000000000a00c       0x54 c:/intelfpga_lite/19.1/nios2eds/bin/gnu/h-x86_64-mingw32/bin/../lib/gcc/nios2-elf/8.3.1/../../../../../H-x86_64-mingw32/nios2-elf/lib\libc.a(lib_a-stdio.o)
                0x000000000000a00c                __sread
 .text.__seofread
                0x000000000000a060        0x8 c:/intelfpga_lite/19.1/nios2eds/bin/gnu/h-x86_64-mingw32/bin/../lib/gcc/nios2-elf/8.3.1/../../../../../H-x86_64-mingw32/nios2-elf/lib\libc.a(lib_a-stdio.o)
                0x000000000000a060                __seofread
 .text.__swrite
                0x000000000000a068       0x80 c:/intelfpga_lite/19.1/nios2eds/bin/gnu/h-x86_64-mingw32/bin/../lib/gcc/nios2-elf/8.3.1/../../../../../H-x86_64-mingw32/nios2-elf/lib\libc.a(lib_a-stdio.o)
                0x000000000000a068                __swrite
 .text.__sseek  0x000000000000a0e8       0x5c c:/intelfpga_lite/19.1/nios2eds/bin/gnu/h-x86_64-mingw32/bin/../lib/gcc/nios2-elf/8.3.1/../../../../../H-x86_64-mingw32/nios2-elf/lib\libc.a(lib_a-stdio.o)
                0x000000000000a0e8                __sseek
 .text.__sclose
                0x000000000000a144        0x8 c:/intelfpga_lite/19.1/nios2eds/bin/gnu/h-x86_64-mingw32/bin/../lib/gcc/nios2-elf/8.3.1/../../../../../H-x86_64-mingw32/nios2-elf/lib\libc.a(lib_a-stdio.o)
                0x000000000000a144                __sclose
 .text          0x000000000000a14c        0x0 c:/intelfpga_lite/19.1/nios2eds/bin/gnu/h-x86_64-mingw32/bin/../lib/gcc/nios2-elf/8.3.1/../../../../../H-x86_64-mingw32/nios2-elf/lib\libc.a(lib_a-writer.o)
 .text._write_r
                0x000000000000a14c       0x64 c:/intelfpga_lite/19.1/nios2eds/bin/gnu/h-x86_64-mingw32/bin/../lib/gcc/nios2-elf/8.3.1/../../../../../H-x86_64-mingw32/nios2-elf/lib\libc.a(lib_a-writer.o)
                0x000000000000a14c                _write_r
 .text          0x000000000000a1b0        0x0 c:/intelfpga_lite/19.1/nios2eds/bin/gnu/h-x86_64-mingw32/bin/../lib/gcc/nios2-elf/8.3.1/../../../../../H-x86_64-mingw32/nios2-elf/lib\libc.a(lib_a-wsetup.o)
 .text.__swsetup_r
                0x000000000000a1b0      0x160 c:/intelfpga_lite/19.1/nios2eds/bin/gnu/h-x86_64-mingw32/bin/../lib/gcc/nios2-elf/8.3.1/../../../../../H-x86_64-mingw32/nios2-elf/lib\libc.a(lib_a-wsetup.o)
                0x000000000000a1b0                __swsetup_r
 .text          0x000000000000a310        0x0 c:/intelfpga_lite/19.1/nios2eds/bin/gnu/h-x86_64-mingw32/bin/../lib/gcc/nios2-elf/8.3.1/../../../../../H-x86_64-mingw32/nios2-elf/lib\libc.a(closer.o)
 .text._close_r
                0x000000000000a310       0x58 c:/intelfpga_lite/19.1/nios2eds/bin/gnu/h-x86_64-mingw32/bin/../lib/gcc/nios2-elf/8.3.1/../../../../../H-x86_64-mingw32/nios2-elf/lib\libc.a(closer.o)
                0x000000000000a310                _close_r
 .text          0x000000000000a368        0x0 c:/intelfpga_lite/19.1/nios2eds/bin/gnu/h-x86_64-mingw32/bin/../lib/gcc/nios2-elf/8.3.1/../../../../../H-x86_64-mingw32/nios2-elf/lib\libc.a(lib_a-fclose.o)
 .text._fclose_r
                0x000000000000a368       0xf8 c:/intelfpga_lite/19.1/nios2eds/bin/gnu/h-x86_64-mingw32/bin/../lib/gcc/nios2-elf/8.3.1/../../../../../H-x86_64-mingw32/nios2-elf/lib\libc.a(lib_a-fclose.o)
                0x000000000000a368                _fclose_r
 .text.fclose   0x000000000000a460       0x10 c:/intelfpga_lite/19.1/nios2eds/bin/gnu/h-x86_64-mingw32/bin/../lib/gcc/nios2-elf/8.3.1/../../../../../H-x86_64-mingw32/nios2-elf/lib\libc.a(lib_a-fclose.o)
                0x000000000000a460                fclose
 .text          0x000000000000a470        0x0 c:/intelfpga_lite/19.1/nios2eds/bin/gnu/h-x86_64-mingw32/bin/../lib/gcc/nios2-elf/8.3.1/../../../../../H-x86_64-mingw32/nios2-elf/lib\libc.a(lib_a-fflush.o)
 .text.__sflush_r
                0x000000000000a470      0x228 c:/intelfpga_lite/19.1/nios2eds/bin/gnu/h-x86_64-mingw32/bin/../lib/gcc/nios2-elf/8.3.1/../../../../../H-x86_64-mingw32/nios2-elf/lib\libc.a(lib_a-fflush.o)
                0x000000000000a470                __sflush_r
 .text._fflush_r
                0x000000000000a698       0x60 c:/intelfpga_lite/19.1/nios2eds/bin/gnu/h-x86_64-mingw32/bin/../lib/gcc/nios2-elf/8.3.1/../../../../../H-x86_64-mingw32/nios2-elf/lib\libc.a(lib_a-fflush.o)
                0x000000000000a698                _fflush_r
 .text.fflush   0x000000000000a6f8       0x28 c:/intelfpga_lite/19.1/nios2eds/bin/gnu/h-x86_64-mingw32/bin/../lib/gcc/nios2-elf/8.3.1/../../../../../H-x86_64-mingw32/nios2-elf/lib\libc.a(lib_a-fflush.o)
                0x000000000000a6f8                fflush
 .text          0x000000000000a720        0x0 c:/intelfpga_lite/19.1/nios2eds/bin/gnu/h-x86_64-mingw32/bin/../lib/gcc/nios2-elf/8.3.1/../../../../../H-x86_64-mingw32/nios2-elf/lib\libc.a(lib_a-freer.o)
 .text._malloc_trim_r
                0x000000000000a720      0x11c c:/intelfpga_lite/19.1/nios2eds/bin/gnu/h-x86_64-mingw32/bin/../lib/gcc/nios2-elf/8.3.1/../../../../../H-x86_64-mingw32/nios2-elf/lib\libc.a(lib_a-freer.o)
                0x000000000000a720                _malloc_trim_r
 .text._free_r  0x000000000000a83c      0x2fc c:/intelfpga_lite/19.1/nios2eds/bin/gnu/h-x86_64-mingw32/bin/../lib/gcc/nios2-elf/8.3.1/../../../../../H-x86_64-mingw32/nios2-elf/lib\libc.a(lib_a-freer.o)
                0x000000000000a83c                _free_r
 .text          0x000000000000ab38        0x0 c:/intelfpga_lite/19.1/nios2eds/bin/gnu/h-x86_64-mingw32/bin/../lib/gcc/nios2-elf/8.3.1/../../../../../H-x86_64-mingw32/nios2-elf/lib\libc.a(lib_a-int_errno.o)
 .text          0x000000000000ab38        0x0 c:/intelfpga_lite/19.1/nios2eds/bin/gnu/h-x86_64-mingw32/bin/../lib/gcc/nios2-elf/8.3.1/../../../../../H-x86_64-mingw32/nios2-elf/lib\libc.a(lib_a-lseekr.o)
 .text._lseek_r
                0x000000000000ab38       0x64 c:/intelfpga_lite/19.1/nios2eds/bin/gnu/h-x86_64-mingw32/bin/../lib/gcc/nios2-elf/8.3.1/../../../../../H-x86_64-mingw32/nios2-elf/lib\libc.a(lib_a-lseekr.o)
                0x000000000000ab38                _lseek_r
 .text          0x000000000000ab9c        0x0 c:/intelfpga_lite/19.1/nios2eds/bin/gnu/h-x86_64-mingw32/bin/../lib/gcc/nios2-elf/8.3.1/../../../../../H-x86_64-mingw32/nios2-elf/lib\libc.a(lib_a-makebuf.o)
 .text.__swhatbuf_r
                0x000000000000ab9c       0x98 c:/intelfpga_lite/19.1/nios2eds/bin/gnu/h-x86_64-mingw32/bin/../lib/gcc/nios2-elf/8.3.1/../../../../../H-x86_64-mingw32/nios2-elf/lib\libc.a(lib_a-makebuf.o)
                0x000000000000ab9c                __swhatbuf_r
 .text.__smakebuf_r
                0x000000000000ac34      0x13c c:/intelfpga_lite/19.1/nios2eds/bin/gnu/h-x86_64-mingw32/bin/../lib/gcc/nios2-elf/8.3.1/../../../../../H-x86_64-mingw32/nios2-elf/lib\libc.a(lib_a-makebuf.o)
                0x000000000000ac34                __smakebuf_r
 .text          0x000000000000ad70        0x0 c:/intelfpga_lite/19.1/nios2eds/bin/gnu/h-x86_64-mingw32/bin/../lib/gcc/nios2-elf/8.3.1/../../../../../H-x86_64-mingw32/nios2-elf/lib\libc.a(lib_a-readr.o)
 .text._read_r  0x000000000000ad70       0x64 c:/intelfpga_lite/19.1/nios2eds/bin/gnu/h-x86_64-mingw32/bin/../lib/gcc/nios2-elf/8.3.1/../../../../../H-x86_64-mingw32/nios2-elf/lib\libc.a(lib_a-readr.o)
                0x000000000000ad70                _read_r
 .text          0x000000000000add4        0x0 c:/intelfpga_lite/19.1/nios2eds/bin/gnu/h-x86_64-mingw32/bin/../lib/gcc/nios2-elf/8.3.1/../../../../../H-x86_64-mingw32/nios2-elf/lib\libc.a(lib_a-fstatr.o)
 .text._fstat_r
                0x000000000000add4       0x60 c:/intelfpga_lite/19.1/nios2eds/bin/gnu/h-x86_64-mingw32/bin/../lib/gcc/nios2-elf/8.3.1/../../../../../H-x86_64-mingw32/nios2-elf/lib\libc.a(lib_a-fstatr.o)
                0x000000000000add4                _fstat_r
 .text          0x000000000000ae34        0x0 c:/intelfpga_lite/19.1/nios2eds/bin/gnu/h-x86_64-mingw32/bin/../lib/gcc/nios2-elf/8.3.1/../../../../../H-x86_64-mingw32/nios2-elf/lib\libc.a(lib_a-isattyr.o)
 .text._isatty_r
                0x000000000000ae34       0x58 c:/intelfpga_lite/19.1/nios2eds/bin/gnu/h-x86_64-mingw32/bin/../lib/gcc/nios2-elf/8.3.1/../../../../../H-x86_64-mingw32/nios2-elf/lib\libc.a(lib_a-isattyr.o)
                0x000000000000ae34                _isatty_r
 .text          0x000000000000ae8c      0x1b8 c:/intelfpga_lite/19.1/nios2eds/bin/gnu/h-x86_64-mingw32/bin/../lib/gcc/nios2-elf/8.3.1\libgcc.a(lib2-divmod.o)
                0x000000000000ae8c                __divsi3
                0x000000000000af0c                __modsi3
                0x000000000000af84                __udivsi3
                0x000000000000afe8                __umodsi3
 .text          0x000000000000b044      0x10c C:/Users/jeff7/Documents/GitHub/FPGA/CPU-blinkLed/software/blinkLed_bsp/\libhal_bsp.a(alt_close.o)
                0x000000000000b080                close
 .text          0x000000000000b150       0x2c C:/Users/jeff7/Documents/GitHub/FPGA/CPU-blinkLed/software/blinkLed_bsp/\libhal_bsp.a(alt_dev.o)
 .text          0x000000000000b17c        0x0 C:/Users/jeff7/Documents/GitHub/FPGA/CPU-blinkLed/software/blinkLed_bsp/\libhal_bsp.a(alt_errno.o)
 .text          0x000000000000b17c       0xec C:/Users/jeff7/Documents/GitHub/FPGA/CPU-blinkLed/software/blinkLed_bsp/\libhal_bsp.a(alt_fstat.o)
                0x000000000000b1b8                fstat
 .text          0x000000000000b268       0xe0 C:/Users/jeff7/Documents/GitHub/FPGA/CPU-blinkLed/software/blinkLed_bsp/\libhal_bsp.a(alt_isatty.o)
                0x000000000000b2a4                isatty
 .text          0x000000000000b348       0xec C:/Users/jeff7/Documents/GitHub/FPGA/CPU-blinkLed/software/blinkLed_bsp/\libhal_bsp.a(alt_load.o)
                0x000000000000b3b0                alt_load
 .text          0x000000000000b434      0x110 C:/Users/jeff7/Documents/GitHub/FPGA/CPU-blinkLed/software/blinkLed_bsp/\libhal_bsp.a(alt_lseek.o)
                0x000000000000b470                lseek
 .text          0x000000000000b544       0x7c C:/Users/jeff7/Documents/GitHub/FPGA/CPU-blinkLed/software/blinkLed_bsp/\libhal_bsp.a(alt_main.o)
                0x000000000000b544                alt_main
 .text          0x000000000000b5c0       0x48 C:/Users/jeff7/Documents/GitHub/FPGA/CPU-blinkLed/software/blinkLed_bsp/\libhal_bsp.a(alt_malloc_lock.o)
                0x000000000000b5c0                __malloc_lock
                0x000000000000b5e4                __malloc_unlock
 .text          0x000000000000b608      0x138 C:/Users/jeff7/Documents/GitHub/FPGA/CPU-blinkLed/software/blinkLed_bsp/\libhal_bsp.a(alt_read.o)
                0x000000000000b644                read
 .text          0x000000000000b740       0x58 C:/Users/jeff7/Documents/GitHub/FPGA/CPU-blinkLed/software/blinkLed_bsp/\libhal_bsp.a(alt_release_fd.o)
                0x000000000000b740                alt_release_fd
 .text          0x000000000000b798       0xb0 C:/Users/jeff7/Documents/GitHub/FPGA/CPU-blinkLed/software/blinkLed_bsp/\libhal_bsp.a(alt_sbrk.o)
                0x000000000000b798                sbrk
 .text          0x000000000000b848      0x134 C:/Users/jeff7/Documents/GitHub/FPGA/CPU-blinkLed/software/blinkLed_bsp/\libhal_bsp.a(alt_write.o)
                0x000000000000b884                write
 .text          0x000000000000b97c       0xa4 C:/Users/jeff7/Documents/GitHub/FPGA/CPU-blinkLed/software/blinkLed_bsp/\libhal_bsp.a(alt_sys_init.o)
                0x000000000000b9b0                alt_irq_init
                0x000000000000b9e8                alt_sys_init
 .text          0x000000000000ba20      0x164 C:/Users/jeff7/Documents/GitHub/FPGA/CPU-blinkLed/software/blinkLed_bsp/\libhal_bsp.a(altera_avalon_jtag_uart_fd.o)
                0x000000000000ba20                altera_avalon_jtag_uart_read_fd
                0x000000000000ba80                altera_avalon_jtag_uart_write_fd
                0x000000000000bae0                altera_avalon_jtag_uart_close_fd
                0x000000000000bb30                altera_avalon_jtag_uart_ioctl_fd
 .text          0x000000000000bb84      0x3c4 C:/Users/jeff7/Documents/GitHub/FPGA/CPU-blinkLed/software/blinkLed_bsp/\libhal_bsp.a(altera_avalon_jtag_uart_init.o)
                0x000000000000bb84                altera_avalon_jtag_uart_init
                0x000000000000bee0                altera_avalon_jtag_uart_close
 .text          0x000000000000bf48       0xf4 C:/Users/jeff7/Documents/GitHub/FPGA/CPU-blinkLed/software/blinkLed_bsp/\libhal_bsp.a(altera_avalon_jtag_uart_ioctl.o)
                0x000000000000bf48                altera_avalon_jtag_uart_ioctl
 .text          0x000000000000c03c      0x21c C:/Users/jeff7/Documents/GitHub/FPGA/CPU-blinkLed/software/blinkLed_bsp/\libhal_bsp.a(altera_avalon_jtag_uart_read.o)
                0x000000000000c03c                altera_avalon_jtag_uart_read
 .text          0x000000000000c258      0x224 C:/Users/jeff7/Documents/GitHub/FPGA/CPU-blinkLed/software/blinkLed_bsp/\libhal_bsp.a(altera_avalon_jtag_uart_write.o)
                0x000000000000c258                altera_avalon_jtag_uart_write
 .text          0x000000000000c47c      0x12c C:/Users/jeff7/Documents/GitHub/FPGA/CPU-blinkLed/software/blinkLed_bsp/\libhal_bsp.a(alt_alarm_start.o)
                0x000000000000c47c                alt_alarm_start
 .text          0x000000000000c5a8       0x48 C:/Users/jeff7/Documents/GitHub/FPGA/CPU-blinkLed/software/blinkLed_bsp/\libhal_bsp.a(alt_dcache_flush_all.o)
                0x000000000000c5a8                alt_dcache_flush_all
 .text          0x000000000000c5f0       0xe0 C:/Users/jeff7/Documents/GitHub/FPGA/CPU-blinkLed/software/blinkLed_bsp/\libhal_bsp.a(alt_dev_llist_insert.o)
                0x000000000000c62c                alt_dev_llist_insert
 .text          0x000000000000c6d0       0x60 C:/Users/jeff7/Documents/GitHub/FPGA/CPU-blinkLed/software/blinkLed_bsp/\libhal_bsp.a(alt_do_ctors.o)
                0x000000000000c6d0                _do_ctors
 .text          0x000000000000c730       0x60 C:/Users/jeff7/Documents/GitHub/FPGA/CPU-blinkLed/software/blinkLed_bsp/\libhal_bsp.a(alt_do_dtors.o)
                0x000000000000c730                _do_dtors
 .text          0x000000000000c790       0x34 C:/Users/jeff7/Documents/GitHub/FPGA/CPU-blinkLed/software/blinkLed_bsp/\libhal_bsp.a(alt_icache_flush_all.o)
                0x000000000000c790                alt_icache_flush_all
 .text          0x000000000000c7c4      0x12c C:/Users/jeff7/Documents/GitHub/FPGA/CPU-blinkLed/software/blinkLed_bsp/\libhal_bsp.a(alt_io_redirect.o)
                0x000000000000c874                alt_io_redirect
 .text          0x000000000000c8f0      0x174 C:/Users/jeff7/Documents/GitHub/FPGA/CPU-blinkLed/software/blinkLed_bsp/\libhal_bsp.a(alt_irq_register.o)
                0x000000000000c8f0                alt_irq_register
 .text          0x000000000000ca64        0x0 C:/Users/jeff7/Documents/GitHub/FPGA/CPU-blinkLed/software/blinkLed_bsp/\libhal_bsp.a(alt_irq_vars.o)
 .text          0x000000000000ca64      0x248 C:/Users/jeff7/Documents/GitHub/FPGA/CPU-blinkLed/software/blinkLed_bsp/\libhal_bsp.a(alt_open.o)
                0x000000000000cb58                open
 .text          0x000000000000ccac      0x1a4 C:/Users/jeff7/Documents/GitHub/FPGA/CPU-blinkLed/software/blinkLed_bsp/\libhal_bsp.a(alt_tick.o)
                0x000000000000ccac                alt_alarm_stop
                0x000000000000cd48                alt_tick
 .text          0x000000000000ce50       0x24 C:/Users/jeff7/Documents/GitHub/FPGA/CPU-blinkLed/software/blinkLed_bsp/\libhal_bsp.a(altera_nios2_gen2_irq.o)
                0x000000000000ce50                altera_nios2_gen2_irq_init
 .text          0x000000000000ce74       0x90 C:/Users/jeff7/Documents/GitHub/FPGA/CPU-blinkLed/software/blinkLed_bsp/\libhal_bsp.a(alt_find_dev.o)
                0x000000000000ce74                alt_find_dev
 .text          0x000000000000cf04      0x108 C:/Users/jeff7/Documents/GitHub/FPGA/CPU-blinkLed/software/blinkLed_bsp/\libhal_bsp.a(alt_find_file.o)
                0x000000000000cf04                alt_find_file
 .text          0x000000000000d00c       0xa0 C:/Users/jeff7/Documents/GitHub/FPGA/CPU-blinkLed/software/blinkLed_bsp/\libhal_bsp.a(alt_get_fd.o)
                0x000000000000d00c                alt_get_fd
 .text          0x000000000000d0ac       0x90 C:/Users/jeff7/Documents/GitHub/FPGA/CPU-blinkLed/software/blinkLed_bsp/\libhal_bsp.a(alt_icache_flush.o)
                0x000000000000d0ac                alt_icache_flush
 .text          0x000000000000d13c        0x0 C:/Users/jeff7/Documents/GitHub/FPGA/CPU-blinkLed/software/blinkLed_bsp/\libhal_bsp.a(alt_irq_entry.o)
 .text          0x000000000000d13c        0x0 C:/Users/jeff7/Documents/GitHub/FPGA/CPU-blinkLed/software/blinkLed_bsp/\libhal_bsp.a(alt_irq_handler.o)
 .text          0x000000000000d13c        0x0 C:/Users/jeff7/Documents/GitHub/FPGA/CPU-blinkLed/software/blinkLed_bsp/\libhal_bsp.a(alt_exception_entry.o)
 .text          0x000000000000d13c       0x98 C:/Users/jeff7/Documents/GitHub/FPGA/CPU-blinkLed/software/blinkLed_bsp/\libhal_bsp.a(alt_instruction_exception_entry.o)
                0x000000000000d13c                alt_exception_cause_generated_bad_addr
 .text          0x000000000000d1d4        0x0 c:/intelfpga_lite/19.1/nios2eds/bin/gnu/h-x86_64-mingw32/bin/../lib/gcc/nios2-elf/8.3.1/../../../../../H-x86_64-mingw32/nios2-elf/lib\libc.a(lib_a-atexit.o)
 .text.atexit   0x000000000000d1d4       0x14 c:/intelfpga_lite/19.1/nios2eds/bin/gnu/h-x86_64-mingw32/bin/../lib/gcc/nios2-elf/8.3.1/../../../../../H-x86_64-mingw32/nios2-elf/lib\libc.a(lib_a-atexit.o)
                0x000000000000d1d4                atexit
 .text          0x000000000000d1e8        0x0 c:/intelfpga_lite/19.1/nios2eds/bin/gnu/h-x86_64-mingw32/bin/../lib/gcc/nios2-elf/8.3.1/../../../../../H-x86_64-mingw32/nios2-elf/lib\libc.a(lib_a-exit.o)
 .text.exit     0x000000000000d1e8       0x34 c:/intelfpga_lite/19.1/nios2eds/bin/gnu/h-x86_64-mingw32/bin/../lib/gcc/nios2-elf/8.3.1/../../../../../H-x86_64-mingw32/nios2-elf/lib\libc.a(lib_a-exit.o)
                0x000000000000d1e8                exit
 .text          0x000000000000d21c        0x0 c:/intelfpga_lite/19.1/nios2eds/bin/gnu/h-x86_64-mingw32/bin/../lib/gcc/nios2-elf/8.3.1/../../../../../H-x86_64-mingw32/nios2-elf/lib\libc.a(lib_a-memcmp.o)
 .text.memcmp   0x000000000000d21c       0x8c c:/intelfpga_lite/19.1/nios2eds/bin/gnu/h-x86_64-mingw32/bin/../lib/gcc/nios2-elf/8.3.1/../../../../../H-x86_64-mingw32/nios2-elf/lib\libc.a(lib_a-memcmp.o)
                0x000000000000d21c                memcmp
 .text          0x000000000000d2a8        0x0 c:/intelfpga_lite/19.1/nios2eds/bin/gnu/h-x86_64-mingw32/bin/../lib/gcc/nios2-elf/8.3.1/../../../../../H-x86_64-mingw32/nios2-elf/lib\libc.a(lib_a-__atexit.o)
 .text.__register_exitproc
                0x000000000000d2a8       0x90 c:/intelfpga_lite/19.1/nios2eds/bin/gnu/h-x86_64-mingw32/bin/../lib/gcc/nios2-elf/8.3.1/../../../../../H-x86_64-mingw32/nios2-elf/lib\libc.a(lib_a-__atexit.o)
                0x000000000000d2a8                __register_exitproc
 .text          0x000000000000d338        0x0 c:/intelfpga_lite/19.1/nios2eds/bin/gnu/h-x86_64-mingw32/bin/../lib/gcc/nios2-elf/8.3.1/../../../../../H-x86_64-mingw32/nios2-elf/lib\libc.a(lib_a-__call_atexit.o)
 .text.__call_exitprocs
                0x000000000000d338      0x118 c:/intelfpga_lite/19.1/nios2eds/bin/gnu/h-x86_64-mingw32/bin/../lib/gcc/nios2-elf/8.3.1/../../../../../H-x86_64-mingw32/nios2-elf/lib\libc.a(lib_a-__call_atexit.o)
                0x000000000000d338                __call_exitprocs
 .text          0x000000000000d450       0x34 C:/Users/jeff7/Documents/GitHub/FPGA/CPU-blinkLed/software/blinkLed_bsp/\libhal_bsp.a(alt_exit.o)
                0x000000000000d450                _exit
 *(.gnu.warning.*)
 *(.fini)
                [!provide]                        PROVIDE (__etext = ABSOLUTE (.))
                [!provide]                        PROVIDE (_etext = ABSOLUTE (.))
                [!provide]                        PROVIDE (etext = ABSOLUTE (.))
 *(.eh_frame_hdr)
                0x000000000000d484                . = ALIGN (0x4)
                [!provide]                        PROVIDE (__preinit_array_start = ABSOLUTE (.))
 *(.preinit_array)
                [!provide]                        PROVIDE (__preinit_array_end = ABSOLUTE (.))
                [!provide]                        PROVIDE (__init_array_start = ABSOLUTE (.))
 *(.init_array)
                [!provide]                        PROVIDE (__init_array_end = ABSOLUTE (.))
                [!provide]                        PROVIDE (__fini_array_start = ABSOLUTE (.))
 *(.fini_array)
                [!provide]                        PROVIDE (__fini_array_end = ABSOLUTE (.))
 *(.eh_frame)
 *(.gcc_except_table .gcc_except_table.*)
 *(.dynamic)
                0x000000000000d484                PROVIDE (__CTOR_LIST__ = ABSOLUTE (.))
 *(.ctors)
 *(SORT_BY_NAME(.ctors.*))
                0x000000000000d484                PROVIDE (__CTOR_END__ = ABSOLUTE (.))
                0x000000000000d484                PROVIDE (__DTOR_LIST__ = ABSOLUTE (.))
 *(.dtors)
 *(SORT_BY_NAME(.dtors.*))
                0x000000000000d484                PROVIDE (__DTOR_END__ = ABSOLUTE (.))
 *(.jcr)
                0x000000000000d484                . = ALIGN (0x4)

.rodata         0x000000000000d484       0x44
                0x000000000000d484                PROVIDE (__ram_rodata_start = ABSOLUTE (.))
                0x000000000000d484                . = ALIGN (0x4)
 *(.rodata .rodata.* .gnu.linkonce.r.*)
 .rodata        0x000000000000d484       0x14 obj/default/hello_world.o
 .rodata._puts_r.str1.4
                0x000000000000d498        0x4 c:/intelfpga_lite/19.1/nios2eds/bin/gnu/h-x86_64-mingw32/bin/../lib/gcc/nios2-elf/8.3.1/../../../../../H-x86_64-mingw32/nios2-elf/lib\libc.a(lib_a-puts.o)
                                          0x2 (size before relaxing)
 .rodata        0x000000000000d49c        0xa C:/Users/jeff7/Documents/GitHub/FPGA/CPU-blinkLed/software/blinkLed_bsp/\libhal_bsp.a(alt_dev.o)
 *fill*         0x000000000000d4a6        0x2 
 .rodata        0x000000000000d4a8        0xf C:/Users/jeff7/Documents/GitHub/FPGA/CPU-blinkLed/software/blinkLed_bsp/\libhal_bsp.a(alt_main.o)
 *fill*         0x000000000000d4b7        0x1 
 .rodata        0x000000000000d4b8        0xf C:/Users/jeff7/Documents/GitHub/FPGA/CPU-blinkLed/software/blinkLed_bsp/\libhal_bsp.a(alt_sys_init.o)
 *(.rodata1)
                0x000000000000d4c8                . = ALIGN (0x4)
 *fill*         0x000000000000d4c7        0x1 
                0x000000000000d4c8                PROVIDE (__ram_rodata_end = ABSOLUTE (.))
                0x000000000000d484                PROVIDE (__flash_rodata_start = LOADADDR (.rodata))

.rwdata         0x000000000000d4c8     0x1a6c load address 0x000000000000ef34
                0x000000000000d4c8                PROVIDE (__ram_rwdata_start = ABSOLUTE (.))
                0x000000000000d4c8                . = ALIGN (0x4)
 *(.got.plt)
 *(.got)
 *(.data1)
 *(.data .data.* .gnu.linkonce.d.*)
 .data          0x000000000000d4c8        0x0 C:/Users/jeff7/Documents/GitHub/FPGA/CPU-blinkLed/software/blinkLed_bsp/obj/HAL/src/crt0.o
 .data          0x000000000000d4c8        0x0 obj/default/hello_world.o
 .data          0x000000000000d4c8        0x0 c:/intelfpga_lite/19.1/nios2eds/bin/gnu/h-x86_64-mingw32/bin/../lib/gcc/nios2-elf/8.3.1/../../../../../H-x86_64-mingw32/nios2-elf/lib\libc.a(lib_a-puts.o)
 .data          0x000000000000d4c8        0x0 c:/intelfpga_lite/19.1/nios2eds/bin/gnu/h-x86_64-mingw32/bin/../lib/gcc/nios2-elf/8.3.1/../../../../../H-x86_64-mingw32/nios2-elf/lib\libc.a(lib_a-strlen.o)
 .data          0x000000000000d4c8        0x0 c:/intelfpga_lite/19.1/nios2eds/bin/gnu/h-x86_64-mingw32/bin/../lib/gcc/nios2-elf/8.3.1/../../../../../H-x86_64-mingw32/nios2-elf/lib\libc.a(lib_a-findfp.o)
 .data          0x000000000000d4c8        0x0 c:/intelfpga_lite/19.1/nios2eds/bin/gnu/h-x86_64-mingw32/bin/../lib/gcc/nios2-elf/8.3.1/../../../../../H-x86_64-mingw32/nios2-elf/lib\libc.a(lib_a-fvwrite.o)
 .data          0x000000000000d4c8        0x0 c:/intelfpga_lite/19.1/nios2eds/bin/gnu/h-x86_64-mingw32/bin/../lib/gcc/nios2-elf/8.3.1/../../../../../H-x86_64-mingw32/nios2-elf/lib\libc.a(lib_a-fwalk.o)
 .data          0x000000000000d4c8        0x0 c:/intelfpga_lite/19.1/nios2eds/bin/gnu/h-x86_64-mingw32/bin/../lib/gcc/nios2-elf/8.3.1/../../../../../H-x86_64-mingw32/nios2-elf/lib\libc.a(lib_a-impure.o)
 .data.impure_data
                0x000000000000d4c8      0x424 c:/intelfpga_lite/19.1/nios2eds/bin/gnu/h-x86_64-mingw32/bin/../lib/gcc/nios2-elf/8.3.1/../../../../../H-x86_64-mingw32/nios2-elf/lib\libc.a(lib_a-impure.o)
 .data          0x000000000000d8ec        0x0 c:/intelfpga_lite/19.1/nios2eds/bin/gnu/h-x86_64-mingw32/bin/../lib/gcc/nios2-elf/8.3.1/../../../../../H-x86_64-mingw32/nios2-elf/lib\libc.a(lib_a-mallocr.o)
 .data.__malloc_av_
                0x000000000000d8ec      0x408 c:/intelfpga_lite/19.1/nios2eds/bin/gnu/h-x86_64-mingw32/bin/../lib/gcc/nios2-elf/8.3.1/../../../../../H-x86_64-mingw32/nios2-elf/lib\libc.a(lib_a-mallocr.o)
                0x000000000000d8ec                __malloc_av_
 .data          0x000000000000dcf4        0x0 c:/intelfpga_lite/19.1/nios2eds/bin/gnu/h-x86_64-mingw32/bin/../lib/gcc/nios2-elf/8.3.1/../../../../../H-x86_64-mingw32/nios2-elf/lib\libc.a(lib_a-memchr.o)
 .data          0x000000000000dcf4        0x0 c:/intelfpga_lite/19.1/nios2eds/bin/gnu/h-x86_64-mingw32/bin/../lib/gcc/nios2-elf/8.3.1/../../../../../H-x86_64-mingw32/nios2-elf/lib\libc.a(lib_a-memcpy.o)
 .data          0x000000000000dcf4        0x0 c:/intelfpga_lite/19.1/nios2eds/bin/gnu/h-x86_64-mingw32/bin/../lib/gcc/nios2-elf/8.3.1/../../../../../H-x86_64-mingw32/nios2-elf/lib\libc.a(lib_a-memmove.o)
 .data          0x000000000000dcf4        0x0 c:/intelfpga_lite/19.1/nios2eds/bin/gnu/h-x86_64-mingw32/bin/../lib/gcc/nios2-elf/8.3.1/../../../../../H-x86_64-mingw32/nios2-elf/lib\libc.a(lib_a-memset.o)
 .data          0x000000000000dcf4        0x0 c:/intelfpga_lite/19.1/nios2eds/bin/gnu/h-x86_64-mingw32/bin/../lib/gcc/nios2-elf/8.3.1/../../../../../H-x86_64-mingw32/nios2-elf/lib\libc.a(lib_a-reallocr.o)
 .data          0x000000000000dcf4        0x0 c:/intelfpga_lite/19.1/nios2eds/bin/gnu/h-x86_64-mingw32/bin/../lib/gcc/nios2-elf/8.3.1/../../../../../H-x86_64-mingw32/nios2-elf/lib\libc.a(lib_a-sbrkr.o)
 .data          0x000000000000dcf4        0x0 c:/intelfpga_lite/19.1/nios2eds/bin/gnu/h-x86_64-mingw32/bin/../lib/gcc/nios2-elf/8.3.1/../../../../../H-x86_64-mingw32/nios2-elf/lib\libc.a(lib_a-stdio.o)
 .data          0x000000000000dcf4        0x0 c:/intelfpga_lite/19.1/nios2eds/bin/gnu/h-x86_64-mingw32/bin/../lib/gcc/nios2-elf/8.3.1/../../../../../H-x86_64-mingw32/nios2-elf/lib\libc.a(lib_a-writer.o)
 .data          0x000000000000dcf4        0x0 c:/intelfpga_lite/19.1/nios2eds/bin/gnu/h-x86_64-mingw32/bin/../lib/gcc/nios2-elf/8.3.1/../../../../../H-x86_64-mingw32/nios2-elf/lib\libc.a(lib_a-wsetup.o)
 .data          0x000000000000dcf4        0x0 c:/intelfpga_lite/19.1/nios2eds/bin/gnu/h-x86_64-mingw32/bin/../lib/gcc/nios2-elf/8.3.1/../../../../../H-x86_64-mingw32/nios2-elf/lib\libc.a(closer.o)
 .data          0x000000000000dcf4        0x0 c:/intelfpga_lite/19.1/nios2eds/bin/gnu/h-x86_64-mingw32/bin/../lib/gcc/nios2-elf/8.3.1/../../../../../H-x86_64-mingw32/nios2-elf/lib\libc.a(lib_a-fclose.o)
 .data          0x000000000000dcf4        0x0 c:/intelfpga_lite/19.1/nios2eds/bin/gnu/h-x86_64-mingw32/bin/../lib/gcc/nios2-elf/8.3.1/../../../../../H-x86_64-mingw32/nios2-elf/lib\libc.a(lib_a-fflush.o)
 .data          0x000000000000dcf4        0x0 c:/intelfpga_lite/19.1/nios2eds/bin/gnu/h-x86_64-mingw32/bin/../lib/gcc/nios2-elf/8.3.1/../../../../../H-x86_64-mingw32/nios2-elf/lib\libc.a(lib_a-freer.o)
 .data          0x000000000000dcf4        0x0 c:/intelfpga_lite/19.1/nios2eds/bin/gnu/h-x86_64-mingw32/bin/../lib/gcc/nios2-elf/8.3.1/../../../../../H-x86_64-mingw32/nios2-elf/lib\libc.a(lib_a-int_errno.o)
 .data          0x000000000000dcf4        0x0 c:/intelfpga_lite/19.1/nios2eds/bin/gnu/h-x86_64-mingw32/bin/../lib/gcc/nios2-elf/8.3.1/../../../../../H-x86_64-mingw32/nios2-elf/lib\libc.a(lib_a-lseekr.o)
 .data          0x000000000000dcf4        0x0 c:/intelfpga_lite/19.1/nios2eds/bin/gnu/h-x86_64-mingw32/bin/../lib/gcc/nios2-elf/8.3.1/../../../../../H-x86_64-mingw32/nios2-elf/lib\libc.a(lib_a-makebuf.o)
 .data          0x000000000000dcf4        0x0 c:/intelfpga_lite/19.1/nios2eds/bin/gnu/h-x86_64-mingw32/bin/../lib/gcc/nios2-elf/8.3.1/../../../../../H-x86_64-mingw32/nios2-elf/lib\libc.a(lib_a-readr.o)
 .data          0x000000000000dcf4        0x0 c:/intelfpga_lite/19.1/nios2eds/bin/gnu/h-x86_64-mingw32/bin/../lib/gcc/nios2-elf/8.3.1/../../../../../H-x86_64-mingw32/nios2-elf/lib\libc.a(lib_a-fstatr.o)
 .data          0x000000000000dcf4        0x0 c:/intelfpga_lite/19.1/nios2eds/bin/gnu/h-x86_64-mingw32/bin/../lib/gcc/nios2-elf/8.3.1/../../../../../H-x86_64-mingw32/nios2-elf/lib\libc.a(lib_a-isattyr.o)
 .data          0x000000000000dcf4        0x0 c:/intelfpga_lite/19.1/nios2eds/bin/gnu/h-x86_64-mingw32/bin/../lib/gcc/nios2-elf/8.3.1\libgcc.a(lib2-divmod.o)
 .data          0x000000000000dcf4        0x0 C:/Users/jeff7/Documents/GitHub/FPGA/CPU-blinkLed/software/blinkLed_bsp/\libhal_bsp.a(alt_close.o)
 .data          0x000000000000dcf4      0x1a8 C:/Users/jeff7/Documents/GitHub/FPGA/CPU-blinkLed/software/blinkLed_bsp/\libhal_bsp.a(alt_dev.o)
                0x000000000000dcf4                alt_dev_null
                0x000000000000dd1c                alt_fd_list
 .data          0x000000000000de9c        0x0 C:/Users/jeff7/Documents/GitHub/FPGA/CPU-blinkLed/software/blinkLed_bsp/\libhal_bsp.a(alt_errno.o)
 .data          0x000000000000de9c        0x0 C:/Users/jeff7/Documents/GitHub/FPGA/CPU-blinkLed/software/blinkLed_bsp/\libhal_bsp.a(alt_fstat.o)
 .data          0x000000000000de9c        0x0 C:/Users/jeff7/Documents/GitHub/FPGA/CPU-blinkLed/software/blinkLed_bsp/\libhal_bsp.a(alt_isatty.o)
 .data          0x000000000000de9c        0x0 C:/Users/jeff7/Documents/GitHub/FPGA/CPU-blinkLed/software/blinkLed_bsp/\libhal_bsp.a(alt_load.o)
 .data          0x000000000000de9c        0x0 C:/Users/jeff7/Documents/GitHub/FPGA/CPU-blinkLed/software/blinkLed_bsp/\libhal_bsp.a(alt_lseek.o)
 .data          0x000000000000de9c        0x0 C:/Users/jeff7/Documents/GitHub/FPGA/CPU-blinkLed/software/blinkLed_bsp/\libhal_bsp.a(alt_main.o)
 .data          0x000000000000de9c        0x0 C:/Users/jeff7/Documents/GitHub/FPGA/CPU-blinkLed/software/blinkLed_bsp/\libhal_bsp.a(alt_malloc_lock.o)
 .data          0x000000000000de9c        0x0 C:/Users/jeff7/Documents/GitHub/FPGA/CPU-blinkLed/software/blinkLed_bsp/\libhal_bsp.a(alt_read.o)
 .data          0x000000000000de9c        0x0 C:/Users/jeff7/Documents/GitHub/FPGA/CPU-blinkLed/software/blinkLed_bsp/\libhal_bsp.a(alt_release_fd.o)
 .data          0x000000000000de9c        0x0 C:/Users/jeff7/Documents/GitHub/FPGA/CPU-blinkLed/software/blinkLed_bsp/\libhal_bsp.a(alt_sbrk.o)
 .data          0x000000000000de9c        0x0 C:/Users/jeff7/Documents/GitHub/FPGA/CPU-blinkLed/software/blinkLed_bsp/\libhal_bsp.a(alt_write.o)
 .data          0x000000000000de9c     0x1060 C:/Users/jeff7/Documents/GitHub/FPGA/CPU-blinkLed/software/blinkLed_bsp/\libhal_bsp.a(alt_sys_init.o)
 .data          0x000000000000eefc        0x0 C:/Users/jeff7/Documents/GitHub/FPGA/CPU-blinkLed/software/blinkLed_bsp/\libhal_bsp.a(altera_avalon_jtag_uart_fd.o)
 .data          0x000000000000eefc        0x0 C:/Users/jeff7/Documents/GitHub/FPGA/CPU-blinkLed/software/blinkLed_bsp/\libhal_bsp.a(altera_avalon_jtag_uart_init.o)
 .data          0x000000000000eefc        0x0 C:/Users/jeff7/Documents/GitHub/FPGA/CPU-blinkLed/software/blinkLed_bsp/\libhal_bsp.a(altera_avalon_jtag_uart_ioctl.o)
 .data          0x000000000000eefc        0x0 C:/Users/jeff7/Documents/GitHub/FPGA/CPU-blinkLed/software/blinkLed_bsp/\libhal_bsp.a(altera_avalon_jtag_uart_read.o)
 .data          0x000000000000eefc        0x0 C:/Users/jeff7/Documents/GitHub/FPGA/CPU-blinkLed/software/blinkLed_bsp/\libhal_bsp.a(altera_avalon_jtag_uart_write.o)
 .data          0x000000000000eefc        0x0 C:/Users/jeff7/Documents/GitHub/FPGA/CPU-blinkLed/software/blinkLed_bsp/\libhal_bsp.a(alt_alarm_start.o)
 .data          0x000000000000eefc        0x0 C:/Users/jeff7/Documents/GitHub/FPGA/CPU-blinkLed/software/blinkLed_bsp/\libhal_bsp.a(alt_dcache_flush_all.o)
 .data          0x000000000000eefc        0x0 C:/Users/jeff7/Documents/GitHub/FPGA/CPU-blinkLed/software/blinkLed_bsp/\libhal_bsp.a(alt_dev_llist_insert.o)
 .data          0x000000000000eefc        0x0 C:/Users/jeff7/Documents/GitHub/FPGA/CPU-blinkLed/software/blinkLed_bsp/\libhal_bsp.a(alt_do_ctors.o)
 .data          0x000000000000eefc        0x0 C:/Users/jeff7/Documents/GitHub/FPGA/CPU-blinkLed/software/blinkLed_bsp/\libhal_bsp.a(alt_do_dtors.o)
 .data          0x000000000000eefc        0x0 C:/Users/jeff7/Documents/GitHub/FPGA/CPU-blinkLed/software/blinkLed_bsp/\libhal_bsp.a(alt_icache_flush_all.o)
 .data          0x000000000000eefc        0x0 C:/Users/jeff7/Documents/GitHub/FPGA/CPU-blinkLed/software/blinkLed_bsp/\libhal_bsp.a(alt_io_redirect.o)
 .data          0x000000000000eefc        0x0 C:/Users/jeff7/Documents/GitHub/FPGA/CPU-blinkLed/software/blinkLed_bsp/\libhal_bsp.a(alt_irq_register.o)
 .data          0x000000000000eefc        0x0 C:/Users/jeff7/Documents/GitHub/FPGA/CPU-blinkLed/software/blinkLed_bsp/\libhal_bsp.a(alt_irq_vars.o)
 .data          0x000000000000eefc        0x0 C:/Users/jeff7/Documents/GitHub/FPGA/CPU-blinkLed/software/blinkLed_bsp/\libhal_bsp.a(alt_open.o)
 .data          0x000000000000eefc        0x0 C:/Users/jeff7/Documents/GitHub/FPGA/CPU-blinkLed/software/blinkLed_bsp/\libhal_bsp.a(alt_tick.o)
 .data          0x000000000000eefc        0x0 C:/Users/jeff7/Documents/GitHub/FPGA/CPU-blinkLed/software/blinkLed_bsp/\libhal_bsp.a(altera_nios2_gen2_irq.o)
 .data          0x000000000000eefc        0x0 C:/Users/jeff7/Documents/GitHub/FPGA/CPU-blinkLed/software/blinkLed_bsp/\libhal_bsp.a(alt_find_dev.o)
 .data          0x000000000000eefc        0x0 C:/Users/jeff7/Documents/GitHub/FPGA/CPU-blinkLed/software/blinkLed_bsp/\libhal_bsp.a(alt_find_file.o)
 .data          0x000000000000eefc        0x0 C:/Users/jeff7/Documents/GitHub/FPGA/CPU-blinkLed/software/blinkLed_bsp/\libhal_bsp.a(alt_get_fd.o)
 .data          0x000000000000eefc        0x0 C:/Users/jeff7/Documents/GitHub/FPGA/CPU-blinkLed/software/blinkLed_bsp/\libhal_bsp.a(alt_icache_flush.o)
 .data          0x000000000000eefc        0x0 C:/Users/jeff7/Documents/GitHub/FPGA/CPU-blinkLed/software/blinkLed_bsp/\libhal_bsp.a(alt_irq_entry.o)
 .data          0x000000000000eefc        0x0 C:/Users/jeff7/Documents/GitHub/FPGA/CPU-blinkLed/software/blinkLed_bsp/\libhal_bsp.a(alt_irq_handler.o)
 .data          0x000000000000eefc        0x0 C:/Users/jeff7/Documents/GitHub/FPGA/CPU-blinkLed/software/blinkLed_bsp/\libhal_bsp.a(alt_exception_entry.o)
 .data          0x000000000000eefc        0x0 C:/Users/jeff7/Documents/GitHub/FPGA/CPU-blinkLed/software/blinkLed_bsp/\libhal_bsp.a(alt_instruction_exception_entry.o)
 .data          0x000000000000eefc        0x0 c:/intelfpga_lite/19.1/nios2eds/bin/gnu/h-x86_64-mingw32/bin/../lib/gcc/nios2-elf/8.3.1/../../../../../H-x86_64-mingw32/nios2-elf/lib\libc.a(lib_a-atexit.o)
 .data          0x000000000000eefc        0x0 c:/intelfpga_lite/19.1/nios2eds/bin/gnu/h-x86_64-mingw32/bin/../lib/gcc/nios2-elf/8.3.1/../../../../../H-x86_64-mingw32/nios2-elf/lib\libc.a(lib_a-exit.o)
 .data          0x000000000000eefc        0x0 c:/intelfpga_lite/19.1/nios2eds/bin/gnu/h-x86_64-mingw32/bin/../lib/gcc/nios2-elf/8.3.1/../../../../../H-x86_64-mingw32/nios2-elf/lib\libc.a(lib_a-memcmp.o)
 .data          0x000000000000eefc        0x0 c:/intelfpga_lite/19.1/nios2eds/bin/gnu/h-x86_64-mingw32/bin/../lib/gcc/nios2-elf/8.3.1/../../../../../H-x86_64-mingw32/nios2-elf/lib\libc.a(lib_a-__atexit.o)
 .data          0x000000000000eefc        0x0 c:/intelfpga_lite/19.1/nios2eds/bin/gnu/h-x86_64-mingw32/bin/../lib/gcc/nios2-elf/8.3.1/../../../../../H-x86_64-mingw32/nios2-elf/lib\libc.a(lib_a-__call_atexit.o)
 .data          0x000000000000eefc        0x0 C:/Users/jeff7/Documents/GitHub/FPGA/CPU-blinkLed/software/blinkLed_bsp/\libhal_bsp.a(alt_exit.o)
                0x0000000000016efc                _gp = ABSOLUTE ((. + 0x8000))
                [!provide]                        PROVIDE (gp = _gp)
 *(.rwdata .rwdata.*)
 *(.sdata .sdata.* .gnu.linkonce.s.*)
 .sdata._global_impure_ptr
                0x000000000000eefc        0x4 c:/intelfpga_lite/19.1/nios2eds/bin/gnu/h-x86_64-mingw32/bin/../lib/gcc/nios2-elf/8.3.1/../../../../../H-x86_64-mingw32/nios2-elf/lib\libc.a(lib_a-impure.o)
                0x000000000000eefc                _global_impure_ptr
 .sdata._impure_ptr
                0x000000000000ef00        0x4 c:/intelfpga_lite/19.1/nios2eds/bin/gnu/h-x86_64-mingw32/bin/../lib/gcc/nios2-elf/8.3.1/../../../../../H-x86_64-mingw32/nios2-elf/lib\libc.a(lib_a-impure.o)
                0x000000000000ef00                _impure_ptr
 .sdata.__malloc_sbrk_base
                0x000000000000ef04        0x4 c:/intelfpga_lite/19.1/nios2eds/bin/gnu/h-x86_64-mingw32/bin/../lib/gcc/nios2-elf/8.3.1/../../../../../H-x86_64-mingw32/nios2-elf/lib\libc.a(lib_a-mallocr.o)
                0x000000000000ef04                __malloc_sbrk_base
 .sdata.__malloc_trim_threshold
                0x000000000000ef08        0x4 c:/intelfpga_lite/19.1/nios2eds/bin/gnu/h-x86_64-mingw32/bin/../lib/gcc/nios2-elf/8.3.1/../../../../../H-x86_64-mingw32/nios2-elf/lib\libc.a(lib_a-mallocr.o)
                0x000000000000ef08                __malloc_trim_threshold
 .sdata         0x000000000000ef0c       0x14 C:/Users/jeff7/Documents/GitHub/FPGA/CPU-blinkLed/software/blinkLed_bsp/\libhal_bsp.a(alt_dev.o)
                0x000000000000ef0c                alt_fs_list
                0x000000000000ef14                alt_dev_list
                0x000000000000ef1c                alt_max_fd
 .sdata         0x000000000000ef20        0x4 C:/Users/jeff7/Documents/GitHub/FPGA/CPU-blinkLed/software/blinkLed_bsp/\libhal_bsp.a(alt_errno.o)
                0x000000000000ef20                alt_errno
 .sdata         0x000000000000ef24        0x4 C:/Users/jeff7/Documents/GitHub/FPGA/CPU-blinkLed/software/blinkLed_bsp/\libhal_bsp.a(alt_sbrk.o)
 .sdata         0x000000000000ef28        0x4 C:/Users/jeff7/Documents/GitHub/FPGA/CPU-blinkLed/software/blinkLed_bsp/\libhal_bsp.a(alt_irq_vars.o)
                0x000000000000ef28                alt_priority_mask
 .sdata         0x000000000000ef2c        0x8 C:/Users/jeff7/Documents/GitHub/FPGA/CPU-blinkLed/software/blinkLed_bsp/\libhal_bsp.a(alt_tick.o)
                0x000000000000ef2c                alt_alarm_list
 *(.sdata2 .sdata2.* .gnu.linkonce.s2.*)
                0x000000000000ef34                . = ALIGN (0x4)
                0x000000000000ef34                _edata = ABSOLUTE (.)
                [!provide]                        PROVIDE (edata = ABSOLUTE (.))
                0x000000000000ef34                PROVIDE (__ram_rwdata_end = ABSOLUTE (.))
                0x000000000000ef34                PROVIDE (__flash_rwdata_start = LOADADDR (.rwdata))

.bss            0x00000000000109a0      0x154
                0x00000000000109a0                __bss_start = ABSOLUTE (.)
                [!provide]                        PROVIDE (__sbss_start = ABSOLUTE (.))
                [!provide]                        PROVIDE (___sbss_start = ABSOLUTE (.))
 *(.dynsbss)
 *(.sbss .sbss.* .gnu.linkonce.sb.*)
 .sbss.__malloc_max_total_mem
                0x00000000000109a0        0x4 c:/intelfpga_lite/19.1/nios2eds/bin/gnu/h-x86_64-mingw32/bin/../lib/gcc/nios2-elf/8.3.1/../../../../../H-x86_64-mingw32/nios2-elf/lib\libc.a(lib_a-mallocr.o)
                0x00000000000109a0                __malloc_max_total_mem
 .sbss.__malloc_max_sbrked_mem
                0x00000000000109a4        0x4 c:/intelfpga_lite/19.1/nios2eds/bin/gnu/h-x86_64-mingw32/bin/../lib/gcc/nios2-elf/8.3.1/../../../../../H-x86_64-mingw32/nios2-elf/lib\libc.a(lib_a-mallocr.o)
                0x00000000000109a4                __malloc_max_sbrked_mem
 .sbss.__malloc_top_pad
                0x00000000000109a8        0x4 c:/intelfpga_lite/19.1/nios2eds/bin/gnu/h-x86_64-mingw32/bin/../lib/gcc/nios2-elf/8.3.1/../../../../../H-x86_64-mingw32/nios2-elf/lib\libc.a(lib_a-mallocr.o)
                0x00000000000109a8                __malloc_top_pad
 .sbss          0x00000000000109ac        0x4 c:/intelfpga_lite/19.1/nios2eds/bin/gnu/h-x86_64-mingw32/bin/../lib/gcc/nios2-elf/8.3.1/../../../../../H-x86_64-mingw32/nios2-elf/lib\libc.a(lib_a-int_errno.o)
                0x00000000000109ac                errno
 .sbss          0x00000000000109b0        0xc C:/Users/jeff7/Documents/GitHub/FPGA/CPU-blinkLed/software/blinkLed_bsp/\libhal_bsp.a(alt_main.o)
                0x00000000000109b0                alt_argc
                0x00000000000109b4                alt_argv
                0x00000000000109b8                alt_envp
 .sbss          0x00000000000109bc        0x4 C:/Users/jeff7/Documents/GitHub/FPGA/CPU-blinkLed/software/blinkLed_bsp/\libhal_bsp.a(alt_irq_vars.o)
                0x00000000000109bc                alt_irq_active
 .sbss          0x00000000000109c0        0x8 C:/Users/jeff7/Documents/GitHub/FPGA/CPU-blinkLed/software/blinkLed_bsp/\libhal_bsp.a(alt_tick.o)
                0x00000000000109c0                _alt_tick_rate
                0x00000000000109c4                _alt_nticks
 .sbss          0x00000000000109c8        0x4 C:/Users/jeff7/Documents/GitHub/FPGA/CPU-blinkLed/software/blinkLed_bsp/\libhal_bsp.a(alt_instruction_exception_entry.o)
                0x00000000000109c8                alt_instruction_exception_handler
 *(.sbss2 .sbss2.* .gnu.linkonce.sb2.*)
 *(.scommon)
                [!provide]                        PROVIDE (__sbss_end = ABSOLUTE (.))
                [!provide]                        PROVIDE (___sbss_end = ABSOLUTE (.))
 *(.dynbss)
 *(.bss .bss.* .gnu.linkonce.b.*)
 .bss           0x00000000000109cc        0x0 C:/Users/jeff7/Documents/GitHub/FPGA/CPU-blinkLed/software/blinkLed_bsp/obj/HAL/src/crt0.o
 .bss           0x00000000000109cc        0x0 obj/default/hello_world.o
 .bss           0x00000000000109cc        0x0 c:/intelfpga_lite/19.1/nios2eds/bin/gnu/h-x86_64-mingw32/bin/../lib/gcc/nios2-elf/8.3.1/../../../../../H-x86_64-mingw32/nios2-elf/lib\libc.a(lib_a-puts.o)
 .bss           0x00000000000109cc        0x0 c:/intelfpga_lite/19.1/nios2eds/bin/gnu/h-x86_64-mingw32/bin/../lib/gcc/nios2-elf/8.3.1/../../../../../H-x86_64-mingw32/nios2-elf/lib\libc.a(lib_a-strlen.o)
 .bss           0x00000000000109cc        0x0 c:/intelfpga_lite/19.1/nios2eds/bin/gnu/h-x86_64-mingw32/bin/../lib/gcc/nios2-elf/8.3.1/../../../../../H-x86_64-mingw32/nios2-elf/lib\libc.a(lib_a-findfp.o)
 .bss           0x00000000000109cc        0x0 c:/intelfpga_lite/19.1/nios2eds/bin/gnu/h-x86_64-mingw32/bin/../lib/gcc/nios2-elf/8.3.1/../../../../../H-x86_64-mingw32/nios2-elf/lib\libc.a(lib_a-fvwrite.o)
 .bss           0x00000000000109cc        0x0 c:/intelfpga_lite/19.1/nios2eds/bin/gnu/h-x86_64-mingw32/bin/../lib/gcc/nios2-elf/8.3.1/../../../../../H-x86_64-mingw32/nios2-elf/lib\libc.a(lib_a-fwalk.o)
 .bss           0x00000000000109cc        0x0 c:/intelfpga_lite/19.1/nios2eds/bin/gnu/h-x86_64-mingw32/bin/../lib/gcc/nios2-elf/8.3.1/../../../../../H-x86_64-mingw32/nios2-elf/lib\libc.a(lib_a-impure.o)
 .bss           0x00000000000109cc        0x0 c:/intelfpga_lite/19.1/nios2eds/bin/gnu/h-x86_64-mingw32/bin/../lib/gcc/nios2-elf/8.3.1/../../../../../H-x86_64-mingw32/nios2-elf/lib\libc.a(lib_a-mallocr.o)
 .bss.__malloc_current_mallinfo
                0x00000000000109cc       0x28 c:/intelfpga_lite/19.1/nios2eds/bin/gnu/h-x86_64-mingw32/bin/../lib/gcc/nios2-elf/8.3.1/../../../../../H-x86_64-mingw32/nios2-elf/lib\libc.a(lib_a-mallocr.o)
                0x00000000000109cc                __malloc_current_mallinfo
 .bss           0x00000000000109f4        0x0 c:/intelfpga_lite/19.1/nios2eds/bin/gnu/h-x86_64-mingw32/bin/../lib/gcc/nios2-elf/8.3.1/../../../../../H-x86_64-mingw32/nios2-elf/lib\libc.a(lib_a-memchr.o)
 .bss           0x00000000000109f4        0x0 c:/intelfpga_lite/19.1/nios2eds/bin/gnu/h-x86_64-mingw32/bin/../lib/gcc/nios2-elf/8.3.1/../../../../../H-x86_64-mingw32/nios2-elf/lib\libc.a(lib_a-memcpy.o)
 .bss           0x00000000000109f4        0x0 c:/intelfpga_lite/19.1/nios2eds/bin/gnu/h-x86_64-mingw32/bin/../lib/gcc/nios2-elf/8.3.1/../../../../../H-x86_64-mingw32/nios2-elf/lib\libc.a(lib_a-memmove.o)
 .bss           0x00000000000109f4        0x0 c:/intelfpga_lite/19.1/nios2eds/bin/gnu/h-x86_64-mingw32/bin/../lib/gcc/nios2-elf/8.3.1/../../../../../H-x86_64-mingw32/nios2-elf/lib\libc.a(lib_a-memset.o)
 .bss           0x00000000000109f4        0x0 c:/intelfpga_lite/19.1/nios2eds/bin/gnu/h-x86_64-mingw32/bin/../lib/gcc/nios2-elf/8.3.1/../../../../../H-x86_64-mingw32/nios2-elf/lib\libc.a(lib_a-reallocr.o)
 .bss           0x00000000000109f4        0x0 c:/intelfpga_lite/19.1/nios2eds/bin/gnu/h-x86_64-mingw32/bin/../lib/gcc/nios2-elf/8.3.1/../../../../../H-x86_64-mingw32/nios2-elf/lib\libc.a(lib_a-sbrkr.o)
 .bss           0x00000000000109f4        0x0 c:/intelfpga_lite/19.1/nios2eds/bin/gnu/h-x86_64-mingw32/bin/../lib/gcc/nios2-elf/8.3.1/../../../../../H-x86_64-mingw32/nios2-elf/lib\libc.a(lib_a-stdio.o)
 .bss           0x00000000000109f4        0x0 c:/intelfpga_lite/19.1/nios2eds/bin/gnu/h-x86_64-mingw32/bin/../lib/gcc/nios2-elf/8.3.1/../../../../../H-x86_64-mingw32/nios2-elf/lib\libc.a(lib_a-writer.o)
 .bss           0x00000000000109f4        0x0 c:/intelfpga_lite/19.1/nios2eds/bin/gnu/h-x86_64-mingw32/bin/../lib/gcc/nios2-elf/8.3.1/../../../../../H-x86_64-mingw32/nios2-elf/lib\libc.a(lib_a-wsetup.o)
 .bss           0x00000000000109f4        0x0 c:/intelfpga_lite/19.1/nios2eds/bin/gnu/h-x86_64-mingw32/bin/../lib/gcc/nios2-elf/8.3.1/../../../../../H-x86_64-mingw32/nios2-elf/lib\libc.a(closer.o)
 .bss           0x00000000000109f4        0x0 c:/intelfpga_lite/19.1/nios2eds/bin/gnu/h-x86_64-mingw32/bin/../lib/gcc/nios2-elf/8.3.1/../../../../../H-x86_64-mingw32/nios2-elf/lib\libc.a(lib_a-fclose.o)
 .bss           0x00000000000109f4        0x0 c:/intelfpga_lite/19.1/nios2eds/bin/gnu/h-x86_64-mingw32/bin/../lib/gcc/nios2-elf/8.3.1/../../../../../H-x86_64-mingw32/nios2-elf/lib\libc.a(lib_a-fflush.o)
 .bss           0x00000000000109f4        0x0 c:/intelfpga_lite/19.1/nios2eds/bin/gnu/h-x86_64-mingw32/bin/../lib/gcc/nios2-elf/8.3.1/../../../../../H-x86_64-mingw32/nios2-elf/lib\libc.a(lib_a-freer.o)
 .bss           0x00000000000109f4        0x0 c:/intelfpga_lite/19.1/nios2eds/bin/gnu/h-x86_64-mingw32/bin/../lib/gcc/nios2-elf/8.3.1/../../../../../H-x86_64-mingw32/nios2-elf/lib\libc.a(lib_a-int_errno.o)
 .bss           0x00000000000109f4        0x0 c:/intelfpga_lite/19.1/nios2eds/bin/gnu/h-x86_64-mingw32/bin/../lib/gcc/nios2-elf/8.3.1/../../../../../H-x86_64-mingw32/nios2-elf/lib\libc.a(lib_a-lseekr.o)
 .bss           0x00000000000109f4        0x0 c:/intelfpga_lite/19.1/nios2eds/bin/gnu/h-x86_64-mingw32/bin/../lib/gcc/nios2-elf/8.3.1/../../../../../H-x86_64-mingw32/nios2-elf/lib\libc.a(lib_a-makebuf.o)
 .bss           0x00000000000109f4        0x0 c:/intelfpga_lite/19.1/nios2eds/bin/gnu/h-x86_64-mingw32/bin/../lib/gcc/nios2-elf/8.3.1/../../../../../H-x86_64-mingw32/nios2-elf/lib\libc.a(lib_a-readr.o)
 .bss           0x00000000000109f4        0x0 c:/intelfpga_lite/19.1/nios2eds/bin/gnu/h-x86_64-mingw32/bin/../lib/gcc/nios2-elf/8.3.1/../../../../../H-x86_64-mingw32/nios2-elf/lib\libc.a(lib_a-fstatr.o)
 .bss           0x00000000000109f4        0x0 c:/intelfpga_lite/19.1/nios2eds/bin/gnu/h-x86_64-mingw32/bin/../lib/gcc/nios2-elf/8.3.1/../../../../../H-x86_64-mingw32/nios2-elf/lib\libc.a(lib_a-isattyr.o)
 .bss           0x00000000000109f4        0x0 c:/intelfpga_lite/19.1/nios2eds/bin/gnu/h-x86_64-mingw32/bin/../lib/gcc/nios2-elf/8.3.1\libgcc.a(lib2-divmod.o)
 .bss           0x00000000000109f4        0x0 C:/Users/jeff7/Documents/GitHub/FPGA/CPU-blinkLed/software/blinkLed_bsp/\libhal_bsp.a(alt_close.o)
 .bss           0x00000000000109f4        0x0 C:/Users/jeff7/Documents/GitHub/FPGA/CPU-blinkLed/software/blinkLed_bsp/\libhal_bsp.a(alt_dev.o)
 .bss           0x00000000000109f4        0x0 C:/Users/jeff7/Documents/GitHub/FPGA/CPU-blinkLed/software/blinkLed_bsp/\libhal_bsp.a(alt_errno.o)
 .bss           0x00000000000109f4        0x0 C:/Users/jeff7/Documents/GitHub/FPGA/CPU-blinkLed/software/blinkLed_bsp/\libhal_bsp.a(alt_fstat.o)
 .bss           0x00000000000109f4        0x0 C:/Users/jeff7/Documents/GitHub/FPGA/CPU-blinkLed/software/blinkLed_bsp/\libhal_bsp.a(alt_isatty.o)
 .bss           0x00000000000109f4        0x0 C:/Users/jeff7/Documents/GitHub/FPGA/CPU-blinkLed/software/blinkLed_bsp/\libhal_bsp.a(alt_load.o)
 .bss           0x00000000000109f4        0x0 C:/Users/jeff7/Documents/GitHub/FPGA/CPU-blinkLed/software/blinkLed_bsp/\libhal_bsp.a(alt_lseek.o)
 .bss           0x00000000000109f4        0x0 C:/Users/jeff7/Documents/GitHub/FPGA/CPU-blinkLed/software/blinkLed_bsp/\libhal_bsp.a(alt_main.o)
 .bss           0x00000000000109f4        0x0 C:/Users/jeff7/Documents/GitHub/FPGA/CPU-blinkLed/software/blinkLed_bsp/\libhal_bsp.a(alt_malloc_lock.o)
 .bss           0x00000000000109f4        0x0 C:/Users/jeff7/Documents/GitHub/FPGA/CPU-blinkLed/software/blinkLed_bsp/\libhal_bsp.a(alt_read.o)
 .bss           0x00000000000109f4        0x0 C:/Users/jeff7/Documents/GitHub/FPGA/CPU-blinkLed/software/blinkLed_bsp/\libhal_bsp.a(alt_release_fd.o)
 .bss           0x00000000000109f4        0x0 C:/Users/jeff7/Documents/GitHub/FPGA/CPU-blinkLed/software/blinkLed_bsp/\libhal_bsp.a(alt_sbrk.o)
 .bss           0x00000000000109f4        0x0 C:/Users/jeff7/Documents/GitHub/FPGA/CPU-blinkLed/software/blinkLed_bsp/\libhal_bsp.a(alt_write.o)
 .bss           0x00000000000109f4        0x0 C:/Users/jeff7/Documents/GitHub/FPGA/CPU-blinkLed/software/blinkLed_bsp/\libhal_bsp.a(alt_sys_init.o)
 .bss           0x00000000000109f4        0x0 C:/Users/jeff7/Documents/GitHub/FPGA/CPU-blinkLed/software/blinkLed_bsp/\libhal_bsp.a(altera_avalon_jtag_uart_fd.o)
 .bss           0x00000000000109f4        0x0 C:/Users/jeff7/Documents/GitHub/FPGA/CPU-blinkLed/software/blinkLed_bsp/\libhal_bsp.a(altera_avalon_jtag_uart_init.o)
 .bss           0x00000000000109f4        0x0 C:/Users/jeff7/Documents/GitHub/FPGA/CPU-blinkLed/software/blinkLed_bsp/\libhal_bsp.a(altera_avalon_jtag_uart_ioctl.o)
 .bss           0x00000000000109f4        0x0 C:/Users/jeff7/Documents/GitHub/FPGA/CPU-blinkLed/software/blinkLed_bsp/\libhal_bsp.a(altera_avalon_jtag_uart_read.o)
 .bss           0x00000000000109f4        0x0 C:/Users/jeff7/Documents/GitHub/FPGA/CPU-blinkLed/software/blinkLed_bsp/\libhal_bsp.a(altera_avalon_jtag_uart_write.o)
 .bss           0x00000000000109f4        0x0 C:/Users/jeff7/Documents/GitHub/FPGA/CPU-blinkLed/software/blinkLed_bsp/\libhal_bsp.a(alt_alarm_start.o)
 .bss           0x00000000000109f4        0x0 C:/Users/jeff7/Documents/GitHub/FPGA/CPU-blinkLed/software/blinkLed_bsp/\libhal_bsp.a(alt_dcache_flush_all.o)
 .bss           0x00000000000109f4        0x0 C:/Users/jeff7/Documents/GitHub/FPGA/CPU-blinkLed/software/blinkLed_bsp/\libhal_bsp.a(alt_dev_llist_insert.o)
 .bss           0x00000000000109f4        0x0 C:/Users/jeff7/Documents/GitHub/FPGA/CPU-blinkLed/software/blinkLed_bsp/\libhal_bsp.a(alt_do_ctors.o)
 .bss           0x00000000000109f4        0x0 C:/Users/jeff7/Documents/GitHub/FPGA/CPU-blinkLed/software/blinkLed_bsp/\libhal_bsp.a(alt_do_dtors.o)
 .bss           0x00000000000109f4        0x0 C:/Users/jeff7/Documents/GitHub/FPGA/CPU-blinkLed/software/blinkLed_bsp/\libhal_bsp.a(alt_icache_flush_all.o)
 .bss           0x00000000000109f4        0x0 C:/Users/jeff7/Documents/GitHub/FPGA/CPU-blinkLed/software/blinkLed_bsp/\libhal_bsp.a(alt_io_redirect.o)
 .bss           0x00000000000109f4        0x0 C:/Users/jeff7/Documents/GitHub/FPGA/CPU-blinkLed/software/blinkLed_bsp/\libhal_bsp.a(alt_irq_register.o)
 .bss           0x00000000000109f4        0x0 C:/Users/jeff7/Documents/GitHub/FPGA/CPU-blinkLed/software/blinkLed_bsp/\libhal_bsp.a(alt_irq_vars.o)
 .bss           0x00000000000109f4        0x0 C:/Users/jeff7/Documents/GitHub/FPGA/CPU-blinkLed/software/blinkLed_bsp/\libhal_bsp.a(alt_open.o)
 .bss           0x00000000000109f4        0x0 C:/Users/jeff7/Documents/GitHub/FPGA/CPU-blinkLed/software/blinkLed_bsp/\libhal_bsp.a(alt_tick.o)
 .bss           0x00000000000109f4        0x0 C:/Users/jeff7/Documents/GitHub/FPGA/CPU-blinkLed/software/blinkLed_bsp/\libhal_bsp.a(altera_nios2_gen2_irq.o)
 .bss           0x00000000000109f4        0x0 C:/Users/jeff7/Documents/GitHub/FPGA/CPU-blinkLed/software/blinkLed_bsp/\libhal_bsp.a(alt_find_dev.o)
 .bss           0x00000000000109f4        0x0 C:/Users/jeff7/Documents/GitHub/FPGA/CPU-blinkLed/software/blinkLed_bsp/\libhal_bsp.a(alt_find_file.o)
 .bss           0x00000000000109f4        0x0 C:/Users/jeff7/Documents/GitHub/FPGA/CPU-blinkLed/software/blinkLed_bsp/\libhal_bsp.a(alt_get_fd.o)
 .bss           0x00000000000109f4        0x0 C:/Users/jeff7/Documents/GitHub/FPGA/CPU-blinkLed/software/blinkLed_bsp/\libhal_bsp.a(alt_icache_flush.o)
 .bss           0x00000000000109f4        0x0 C:/Users/jeff7/Documents/GitHub/FPGA/CPU-blinkLed/software/blinkLed_bsp/\libhal_bsp.a(alt_irq_entry.o)
 .bss           0x00000000000109f4        0x0 C:/Users/jeff7/Documents/GitHub/FPGA/CPU-blinkLed/software/blinkLed_bsp/\libhal_bsp.a(alt_irq_handler.o)
 .bss           0x00000000000109f4        0x0 C:/Users/jeff7/Documents/GitHub/FPGA/CPU-blinkLed/software/blinkLed_bsp/\libhal_bsp.a(alt_exception_entry.o)
 .bss           0x00000000000109f4        0x0 C:/Users/jeff7/Documents/GitHub/FPGA/CPU-blinkLed/software/blinkLed_bsp/\libhal_bsp.a(alt_instruction_exception_entry.o)
 .bss           0x00000000000109f4        0x0 c:/intelfpga_lite/19.1/nios2eds/bin/gnu/h-x86_64-mingw32/bin/../lib/gcc/nios2-elf/8.3.1/../../../../../H-x86_64-mingw32/nios2-elf/lib\libc.a(lib_a-atexit.o)
 .bss           0x00000000000109f4        0x0 c:/intelfpga_lite/19.1/nios2eds/bin/gnu/h-x86_64-mingw32/bin/../lib/gcc/nios2-elf/8.3.1/../../../../../H-x86_64-mingw32/nios2-elf/lib\libc.a(lib_a-exit.o)
 .bss           0x00000000000109f4        0x0 c:/intelfpga_lite/19.1/nios2eds/bin/gnu/h-x86_64-mingw32/bin/../lib/gcc/nios2-elf/8.3.1/../../../../../H-x86_64-mingw32/nios2-elf/lib\libc.a(lib_a-memcmp.o)
 .bss           0x00000000000109f4        0x0 c:/intelfpga_lite/19.1/nios2eds/bin/gnu/h-x86_64-mingw32/bin/../lib/gcc/nios2-elf/8.3.1/../../../../../H-x86_64-mingw32/nios2-elf/lib\libc.a(lib_a-__atexit.o)
 .bss           0x00000000000109f4        0x0 c:/intelfpga_lite/19.1/nios2eds/bin/gnu/h-x86_64-mingw32/bin/../lib/gcc/nios2-elf/8.3.1/../../../../../H-x86_64-mingw32/nios2-elf/lib\libc.a(lib_a-__call_atexit.o)
 .bss           0x00000000000109f4        0x0 C:/Users/jeff7/Documents/GitHub/FPGA/CPU-blinkLed/software/blinkLed_bsp/\libhal_bsp.a(alt_exit.o)
 *(COMMON)
 COMMON         0x00000000000109f4      0x100 C:/Users/jeff7/Documents/GitHub/FPGA/CPU-blinkLed/software/blinkLed_bsp/\libhal_bsp.a(alt_irq_handler.o)
                0x00000000000109f4                alt_irq
                0x0000000000010af4                . = ALIGN (0x4)
                0x0000000000010af4                __bss_end = ABSOLUTE (.)

.onchip_memory2
                0x0000000000010af4        0x0
                [!provide]                        PROVIDE (_alt_partition_onchip_memory2_start = ABSOLUTE (.))
 *(.onchip_memory2 .onchip_memory2. onchip_memory2.*)
                0x0000000000010af4                . = ALIGN (0x4)
                [!provide]                        PROVIDE (_alt_partition_onchip_memory2_end = ABSOLUTE (.))
                0x0000000000010af4                _end = ABSOLUTE (.)
                0x0000000000010af4                end = ABSOLUTE (.)
                0x0000000000010af4                __alt_stack_base = ABSOLUTE (.)
                [!provide]                        PROVIDE (_alt_partition_onchip_memory2_load_addr = LOADADDR (.onchip_memory2))

.stab
 *(.stab)

.stabstr
 *(.stabstr)

.stab.excl
 *(.stab.excl)

.stab.exclstr
 *(.stab.exclstr)

.stab.index
 *(.stab.index)

.stab.indexstr
 *(.stab.indexstr)

.comment        0x0000000000000000       0x2c
 *(.comment)
 .comment       0x0000000000000000       0x2c obj/default/hello_world.o
                                         0x2d (size before relaxing)
 .comment       0x000000000000002c       0x2d c:/intelfpga_lite/19.1/nios2eds/bin/gnu/h-x86_64-mingw32/bin/../lib/gcc/nios2-elf/8.3.1/../../../../../H-x86_64-mingw32/nios2-elf/lib\libc.a(lib_a-puts.o)
 .comment       0x000000000000002c       0x2d c:/intelfpga_lite/19.1/nios2eds/bin/gnu/h-x86_64-mingw32/bin/../lib/gcc/nios2-elf/8.3.1/../../../../../H-x86_64-mingw32/nios2-elf/lib\libc.a(lib_a-strlen.o)
 .comment       0x000000000000002c       0x2d c:/intelfpga_lite/19.1/nios2eds/bin/gnu/h-x86_64-mingw32/bin/../lib/gcc/nios2-elf/8.3.1/../../../../../H-x86_64-mingw32/nios2-elf/lib\libc.a(lib_a-findfp.o)
 .comment       0x000000000000002c       0x2d c:/intelfpga_lite/19.1/nios2eds/bin/gnu/h-x86_64-mingw32/bin/../lib/gcc/nios2-elf/8.3.1/../../../../../H-x86_64-mingw32/nios2-elf/lib\libc.a(lib_a-fvwrite.o)
 .comment       0x000000000000002c       0x2d c:/intelfpga_lite/19.1/nios2eds/bin/gnu/h-x86_64-mingw32/bin/../lib/gcc/nios2-elf/8.3.1/../../../../../H-x86_64-mingw32/nios2-elf/lib\libc.a(lib_a-fwalk.o)
 .comment       0x000000000000002c       0x2d c:/intelfpga_lite/19.1/nios2eds/bin/gnu/h-x86_64-mingw32/bin/../lib/gcc/nios2-elf/8.3.1/../../../../../H-x86_64-mingw32/nios2-elf/lib\libc.a(lib_a-impure.o)
 .comment       0x000000000000002c       0x2d c:/intelfpga_lite/19.1/nios2eds/bin/gnu/h-x86_64-mingw32/bin/../lib/gcc/nios2-elf/8.3.1/../../../../../H-x86_64-mingw32/nios2-elf/lib\libc.a(lib_a-mallocr.o)
 .comment       0x000000000000002c       0x2d c:/intelfpga_lite/19.1/nios2eds/bin/gnu/h-x86_64-mingw32/bin/../lib/gcc/nios2-elf/8.3.1/../../../../../H-x86_64-mingw32/nios2-elf/lib\libc.a(lib_a-memchr.o)
 .comment       0x000000000000002c       0x2d c:/intelfpga_lite/19.1/nios2eds/bin/gnu/h-x86_64-mingw32/bin/../lib/gcc/nios2-elf/8.3.1/../../../../../H-x86_64-mingw32/nios2-elf/lib\libc.a(lib_a-memcpy.o)
 .comment       0x000000000000002c       0x2d c:/intelfpga_lite/19.1/nios2eds/bin/gnu/h-x86_64-mingw32/bin/../lib/gcc/nios2-elf/8.3.1/../../../../../H-x86_64-mingw32/nios2-elf/lib\libc.a(lib_a-memmove.o)
 .comment       0x000000000000002c       0x2d c:/intelfpga_lite/19.1/nios2eds/bin/gnu/h-x86_64-mingw32/bin/../lib/gcc/nios2-elf/8.3.1/../../../../../H-x86_64-mingw32/nios2-elf/lib\libc.a(lib_a-memset.o)
 .comment       0x000000000000002c       0x2d c:/intelfpga_lite/19.1/nios2eds/bin/gnu/h-x86_64-mingw32/bin/../lib/gcc/nios2-elf/8.3.1/../../../../../H-x86_64-mingw32/nios2-elf/lib\libc.a(lib_a-reallocr.o)
 .comment       0x000000000000002c       0x2d c:/intelfpga_lite/19.1/nios2eds/bin/gnu/h-x86_64-mingw32/bin/../lib/gcc/nios2-elf/8.3.1/../../../../../H-x86_64-mingw32/nios2-elf/lib\libc.a(lib_a-sbrkr.o)
 .comment       0x000000000000002c       0x2d c:/intelfpga_lite/19.1/nios2eds/bin/gnu/h-x86_64-mingw32/bin/../lib/gcc/nios2-elf/8.3.1/../../../../../H-x86_64-mingw32/nios2-elf/lib\libc.a(lib_a-stdio.o)
 .comment       0x000000000000002c       0x2d c:/intelfpga_lite/19.1/nios2eds/bin/gnu/h-x86_64-mingw32/bin/../lib/gcc/nios2-elf/8.3.1/../../../../../H-x86_64-mingw32/nios2-elf/lib\libc.a(lib_a-writer.o)
 .comment       0x000000000000002c       0x2d c:/intelfpga_lite/19.1/nios2eds/bin/gnu/h-x86_64-mingw32/bin/../lib/gcc/nios2-elf/8.3.1/../../../../../H-x86_64-mingw32/nios2-elf/lib\libc.a(lib_a-wsetup.o)
 .comment       0x000000000000002c       0x2d c:/intelfpga_lite/19.1/nios2eds/bin/gnu/h-x86_64-mingw32/bin/../lib/gcc/nios2-elf/8.3.1/../../../../../H-x86_64-mingw32/nios2-elf/lib\libc.a(closer.o)
 .comment       0x000000000000002c       0x2d c:/intelfpga_lite/19.1/nios2eds/bin/gnu/h-x86_64-mingw32/bin/../lib/gcc/nios2-elf/8.3.1/../../../../../H-x86_64-mingw32/nios2-elf/lib\libc.a(lib_a-fclose.o)
 .comment       0x000000000000002c       0x2d c:/intelfpga_lite/19.1/nios2eds/bin/gnu/h-x86_64-mingw32/bin/../lib/gcc/nios2-elf/8.3.1/../../../../../H-x86_64-mingw32/nios2-elf/lib\libc.a(lib_a-fflush.o)
 .comment       0x000000000000002c       0x2d c:/intelfpga_lite/19.1/nios2eds/bin/gnu/h-x86_64-mingw32/bin/../lib/gcc/nios2-elf/8.3.1/../../../../../H-x86_64-mingw32/nios2-elf/lib\libc.a(lib_a-freer.o)
 .comment       0x000000000000002c       0x2d c:/intelfpga_lite/19.1/nios2eds/bin/gnu/h-x86_64-mingw32/bin/../lib/gcc/nios2-elf/8.3.1/../../../../../H-x86_64-mingw32/nios2-elf/lib\libc.a(lib_a-int_errno.o)
 .comment       0x000000000000002c       0x2d c:/intelfpga_lite/19.1/nios2eds/bin/gnu/h-x86_64-mingw32/bin/../lib/gcc/nios2-elf/8.3.1/../../../../../H-x86_64-mingw32/nios2-elf/lib\libc.a(lib_a-lseekr.o)
 .comment       0x000000000000002c       0x2d c:/intelfpga_lite/19.1/nios2eds/bin/gnu/h-x86_64-mingw32/bin/../lib/gcc/nios2-elf/8.3.1/../../../../../H-x86_64-mingw32/nios2-elf/lib\libc.a(lib_a-makebuf.o)
 .comment       0x000000000000002c       0x2d c:/intelfpga_lite/19.1/nios2eds/bin/gnu/h-x86_64-mingw32/bin/../lib/gcc/nios2-elf/8.3.1/../../../../../H-x86_64-mingw32/nios2-elf/lib\libc.a(lib_a-readr.o)
 .comment       0x000000000000002c       0x2d c:/intelfpga_lite/19.1/nios2eds/bin/gnu/h-x86_64-mingw32/bin/../lib/gcc/nios2-elf/8.3.1/../../../../../H-x86_64-mingw32/nios2-elf/lib\libc.a(lib_a-fstatr.o)
 .comment       0x000000000000002c       0x2d c:/intelfpga_lite/19.1/nios2eds/bin/gnu/h-x86_64-mingw32/bin/../lib/gcc/nios2-elf/8.3.1/../../../../../H-x86_64-mingw32/nios2-elf/lib\libc.a(lib_a-isattyr.o)
 .comment       0x000000000000002c       0x2d c:/intelfpga_lite/19.1/nios2eds/bin/gnu/h-x86_64-mingw32/bin/../lib/gcc/nios2-elf/8.3.1\libgcc.a(lib2-divmod.o)
 .comment       0x000000000000002c       0x2d C:/Users/jeff7/Documents/GitHub/FPGA/CPU-blinkLed/software/blinkLed_bsp/\libhal_bsp.a(alt_close.o)
 .comment       0x000000000000002c       0x2d C:/Users/jeff7/Documents/GitHub/FPGA/CPU-blinkLed/software/blinkLed_bsp/\libhal_bsp.a(alt_dev.o)
 .comment       0x000000000000002c       0x2d C:/Users/jeff7/Documents/GitHub/FPGA/CPU-blinkLed/software/blinkLed_bsp/\libhal_bsp.a(alt_errno.o)
 .comment       0x000000000000002c       0x2d C:/Users/jeff7/Documents/GitHub/FPGA/CPU-blinkLed/software/blinkLed_bsp/\libhal_bsp.a(alt_fstat.o)
 .comment       0x000000000000002c       0x2d C:/Users/jeff7/Documents/GitHub/FPGA/CPU-blinkLed/software/blinkLed_bsp/\libhal_bsp.a(alt_isatty.o)
 .comment       0x000000000000002c       0x2d C:/Users/jeff7/Documents/GitHub/FPGA/CPU-blinkLed/software/blinkLed_bsp/\libhal_bsp.a(alt_load.o)
 .comment       0x000000000000002c       0x2d C:/Users/jeff7/Documents/GitHub/FPGA/CPU-blinkLed/software/blinkLed_bsp/\libhal_bsp.a(alt_lseek.o)
 .comment       0x000000000000002c       0x2d C:/Users/jeff7/Documents/GitHub/FPGA/CPU-blinkLed/software/blinkLed_bsp/\libhal_bsp.a(alt_main.o)
 .comment       0x000000000000002c       0x2d C:/Users/jeff7/Documents/GitHub/FPGA/CPU-blinkLed/software/blinkLed_bsp/\libhal_bsp.a(alt_malloc_lock.o)
 .comment       0x000000000000002c       0x2d C:/Users/jeff7/Documents/GitHub/FPGA/CPU-blinkLed/software/blinkLed_bsp/\libhal_bsp.a(alt_read.o)
 .comment       0x000000000000002c       0x2d C:/Users/jeff7/Documents/GitHub/FPGA/CPU-blinkLed/software/blinkLed_bsp/\libhal_bsp.a(alt_release_fd.o)
 .comment       0x000000000000002c       0x2d C:/Users/jeff7/Documents/GitHub/FPGA/CPU-blinkLed/software/blinkLed_bsp/\libhal_bsp.a(alt_sbrk.o)
 .comment       0x000000000000002c       0x2d C:/Users/jeff7/Documents/GitHub/FPGA/CPU-blinkLed/software/blinkLed_bsp/\libhal_bsp.a(alt_write.o)
 .comment       0x000000000000002c       0x2d C:/Users/jeff7/Documents/GitHub/FPGA/CPU-blinkLed/software/blinkLed_bsp/\libhal_bsp.a(alt_sys_init.o)
 .comment       0x000000000000002c       0x2d C:/Users/jeff7/Documents/GitHub/FPGA/CPU-blinkLed/software/blinkLed_bsp/\libhal_bsp.a(altera_avalon_jtag_uart_fd.o)
 .comment       0x000000000000002c       0x2d C:/Users/jeff7/Documents/GitHub/FPGA/CPU-blinkLed/software/blinkLed_bsp/\libhal_bsp.a(altera_avalon_jtag_uart_init.o)
 .comment       0x000000000000002c       0x2d C:/Users/jeff7/Documents/GitHub/FPGA/CPU-blinkLed/software/blinkLed_bsp/\libhal_bsp.a(altera_avalon_jtag_uart_ioctl.o)
 .comment       0x000000000000002c       0x2d C:/Users/jeff7/Documents/GitHub/FPGA/CPU-blinkLed/software/blinkLed_bsp/\libhal_bsp.a(altera_avalon_jtag_uart_read.o)
 .comment       0x000000000000002c       0x2d C:/Users/jeff7/Documents/GitHub/FPGA/CPU-blinkLed/software/blinkLed_bsp/\libhal_bsp.a(altera_avalon_jtag_uart_write.o)
 .comment       0x000000000000002c       0x2d C:/Users/jeff7/Documents/GitHub/FPGA/CPU-blinkLed/software/blinkLed_bsp/\libhal_bsp.a(alt_alarm_start.o)
 .comment       0x000000000000002c       0x2d C:/Users/jeff7/Documents/GitHub/FPGA/CPU-blinkLed/software/blinkLed_bsp/\libhal_bsp.a(alt_dcache_flush_all.o)
 .comment       0x000000000000002c       0x2d C:/Users/jeff7/Documents/GitHub/FPGA/CPU-blinkLed/software/blinkLed_bsp/\libhal_bsp.a(alt_dev_llist_insert.o)
 .comment       0x000000000000002c       0x2d C:/Users/jeff7/Documents/GitHub/FPGA/CPU-blinkLed/software/blinkLed_bsp/\libhal_bsp.a(alt_do_ctors.o)
 .comment       0x000000000000002c       0x2d C:/Users/jeff7/Documents/GitHub/FPGA/CPU-blinkLed/software/blinkLed_bsp/\libhal_bsp.a(alt_do_dtors.o)
 .comment       0x000000000000002c       0x2d C:/Users/jeff7/Documents/GitHub/FPGA/CPU-blinkLed/software/blinkLed_bsp/\libhal_bsp.a(alt_icache_flush_all.o)
 .comment       0x000000000000002c       0x2d C:/Users/jeff7/Documents/GitHub/FPGA/CPU-blinkLed/software/blinkLed_bsp/\libhal_bsp.a(alt_io_redirect.o)
 .comment       0x000000000000002c       0x2d C:/Users/jeff7/Documents/GitHub/FPGA/CPU-blinkLed/software/blinkLed_bsp/\libhal_bsp.a(alt_irq_register.o)
 .comment       0x000000000000002c       0x2d C:/Users/jeff7/Documents/GitHub/FPGA/CPU-blinkLed/software/blinkLed_bsp/\libhal_bsp.a(alt_irq_vars.o)
 .comment       0x000000000000002c       0x2d C:/Users/jeff7/Documents/GitHub/FPGA/CPU-blinkLed/software/blinkLed_bsp/\libhal_bsp.a(alt_open.o)
 .comment       0x000000000000002c       0x2d C:/Users/jeff7/Documents/GitHub/FPGA/CPU-blinkLed/software/blinkLed_bsp/\libhal_bsp.a(alt_tick.o)
 .comment       0x000000000000002c       0x2d C:/Users/jeff7/Documents/GitHub/FPGA/CPU-blinkLed/software/blinkLed_bsp/\libhal_bsp.a(altera_nios2_gen2_irq.o)
 .comment       0x000000000000002c       0x2d C:/Users/jeff7/Documents/GitHub/FPGA/CPU-blinkLed/software/blinkLed_bsp/\libhal_bsp.a(alt_find_dev.o)
 .comment       0x000000000000002c       0x2d C:/Users/jeff7/Documents/GitHub/FPGA/CPU-blinkLed/software/blinkLed_bsp/\libhal_bsp.a(alt_find_file.o)
 .comment       0x000000000000002c       0x2d C:/Users/jeff7/Documents/GitHub/FPGA/CPU-blinkLed/software/blinkLed_bsp/\libhal_bsp.a(alt_get_fd.o)
 .comment       0x000000000000002c       0x2d C:/Users/jeff7/Documents/GitHub/FPGA/CPU-blinkLed/software/blinkLed_bsp/\libhal_bsp.a(alt_icache_flush.o)
 .comment       0x000000000000002c       0x2d C:/Users/jeff7/Documents/GitHub/FPGA/CPU-blinkLed/software/blinkLed_bsp/\libhal_bsp.a(alt_irq_handler.o)
 .comment       0x000000000000002c       0x2d C:/Users/jeff7/Documents/GitHub/FPGA/CPU-blinkLed/software/blinkLed_bsp/\libhal_bsp.a(alt_instruction_exception_entry.o)
 .comment       0x000000000000002c       0x2d c:/intelfpga_lite/19.1/nios2eds/bin/gnu/h-x86_64-mingw32/bin/../lib/gcc/nios2-elf/8.3.1/../../../../../H-x86_64-mingw32/nios2-elf/lib\libc.a(lib_a-atexit.o)
 .comment       0x000000000000002c       0x2d c:/intelfpga_lite/19.1/nios2eds/bin/gnu/h-x86_64-mingw32/bin/../lib/gcc/nios2-elf/8.3.1/../../../../../H-x86_64-mingw32/nios2-elf/lib\libc.a(lib_a-exit.o)
 .comment       0x000000000000002c       0x2d c:/intelfpga_lite/19.1/nios2eds/bin/gnu/h-x86_64-mingw32/bin/../lib/gcc/nios2-elf/8.3.1/../../../../../H-x86_64-mingw32/nios2-elf/lib\libc.a(lib_a-memcmp.o)
 .comment       0x000000000000002c       0x2d c:/intelfpga_lite/19.1/nios2eds/bin/gnu/h-x86_64-mingw32/bin/../lib/gcc/nios2-elf/8.3.1/../../../../../H-x86_64-mingw32/nios2-elf/lib\libc.a(lib_a-__atexit.o)
 .comment       0x000000000000002c       0x2d c:/intelfpga_lite/19.1/nios2eds/bin/gnu/h-x86_64-mingw32/bin/../lib/gcc/nios2-elf/8.3.1/../../../../../H-x86_64-mingw32/nios2-elf/lib\libc.a(lib_a-__call_atexit.o)
 .comment       0x000000000000002c       0x2d C:/Users/jeff7/Documents/GitHub/FPGA/CPU-blinkLed/software/blinkLed_bsp/\libhal_bsp.a(alt_exit.o)

.debug
 *(.debug)

.line
 *(.line)

.debug_srcinfo
 *(.debug_srcinfo)

.debug_sfnames
 *(.debug_sfnames)

.debug_aranges  0x0000000000000000      0x9f8
 *(.debug_aranges)
 .debug_aranges
                0x0000000000000000       0x28 C:/Users/jeff7/Documents/GitHub/FPGA/CPU-blinkLed/software/blinkLed_bsp/obj/HAL/src/crt0.o
 .debug_aranges
                0x0000000000000028       0x20 obj/default/hello_world.o
 .debug_aranges
                0x0000000000000048       0x28 c:/intelfpga_lite/19.1/nios2eds/bin/gnu/h-x86_64-mingw32/bin/../lib/gcc/nios2-elf/8.3.1/../../../../../H-x86_64-mingw32/nios2-elf/lib\libc.a(lib_a-puts.o)
 .debug_aranges
                0x0000000000000070       0x20 c:/intelfpga_lite/19.1/nios2eds/bin/gnu/h-x86_64-mingw32/bin/../lib/gcc/nios2-elf/8.3.1/../../../../../H-x86_64-mingw32/nios2-elf/lib\libc.a(lib_a-strlen.o)
 .debug_aranges
                0x0000000000000090       0x68 c:/intelfpga_lite/19.1/nios2eds/bin/gnu/h-x86_64-mingw32/bin/../lib/gcc/nios2-elf/8.3.1/../../../../../H-x86_64-mingw32/nios2-elf/lib\libc.a(lib_a-findfp.o)
 .debug_aranges
                0x00000000000000f8       0x20 c:/intelfpga_lite/19.1/nios2eds/bin/gnu/h-x86_64-mingw32/bin/../lib/gcc/nios2-elf/8.3.1/../../../../../H-x86_64-mingw32/nios2-elf/lib\libc.a(lib_a-fvwrite.o)
 .debug_aranges
                0x0000000000000118       0x28 c:/intelfpga_lite/19.1/nios2eds/bin/gnu/h-x86_64-mingw32/bin/../lib/gcc/nios2-elf/8.3.1/../../../../../H-x86_64-mingw32/nios2-elf/lib\libc.a(lib_a-fwalk.o)
 .debug_aranges
                0x0000000000000140       0x18 c:/intelfpga_lite/19.1/nios2eds/bin/gnu/h-x86_64-mingw32/bin/../lib/gcc/nios2-elf/8.3.1/../../../../../H-x86_64-mingw32/nios2-elf/lib\libc.a(lib_a-impure.o)
 .debug_aranges
                0x0000000000000158       0x20 c:/intelfpga_lite/19.1/nios2eds/bin/gnu/h-x86_64-mingw32/bin/../lib/gcc/nios2-elf/8.3.1/../../../../../H-x86_64-mingw32/nios2-elf/lib\libc.a(lib_a-mallocr.o)
 .debug_aranges
                0x0000000000000178       0x20 c:/intelfpga_lite/19.1/nios2eds/bin/gnu/h-x86_64-mingw32/bin/../lib/gcc/nios2-elf/8.3.1/../../../../../H-x86_64-mingw32/nios2-elf/lib\libc.a(lib_a-memchr.o)
 .debug_aranges
                0x0000000000000198       0x20 c:/intelfpga_lite/19.1/nios2eds/bin/gnu/h-x86_64-mingw32/bin/../lib/gcc/nios2-elf/8.3.1/../../../../../H-x86_64-mingw32/nios2-elf/lib\libc.a(lib_a-memcpy.o)
 .debug_aranges
                0x00000000000001b8       0x20 c:/intelfpga_lite/19.1/nios2eds/bin/gnu/h-x86_64-mingw32/bin/../lib/gcc/nios2-elf/8.3.1/../../../../../H-x86_64-mingw32/nios2-elf/lib\libc.a(lib_a-memmove.o)
 .debug_aranges
                0x00000000000001d8       0x20 c:/intelfpga_lite/19.1/nios2eds/bin/gnu/h-x86_64-mingw32/bin/../lib/gcc/nios2-elf/8.3.1/../../../../../H-x86_64-mingw32/nios2-elf/lib\libc.a(lib_a-memset.o)
 .debug_aranges
                0x00000000000001f8       0x20 c:/intelfpga_lite/19.1/nios2eds/bin/gnu/h-x86_64-mingw32/bin/../lib/gcc/nios2-elf/8.3.1/../../../../../H-x86_64-mingw32/nios2-elf/lib\libc.a(lib_a-reallocr.o)
 .debug_aranges
                0x0000000000000218       0x20 c:/intelfpga_lite/19.1/nios2eds/bin/gnu/h-x86_64-mingw32/bin/../lib/gcc/nios2-elf/8.3.1/../../../../../H-x86_64-mingw32/nios2-elf/lib\libc.a(lib_a-sbrkr.o)
 .debug_aranges
                0x0000000000000238       0x40 c:/intelfpga_lite/19.1/nios2eds/bin/gnu/h-x86_64-mingw32/bin/../lib/gcc/nios2-elf/8.3.1/../../../../../H-x86_64-mingw32/nios2-elf/lib\libc.a(lib_a-stdio.o)
 .debug_aranges
                0x0000000000000278       0x20 c:/intelfpga_lite/19.1/nios2eds/bin/gnu/h-x86_64-mingw32/bin/../lib/gcc/nios2-elf/8.3.1/../../../../../H-x86_64-mingw32/nios2-elf/lib\libc.a(lib_a-writer.o)
 .debug_aranges
                0x0000000000000298       0x20 c:/intelfpga_lite/19.1/nios2eds/bin/gnu/h-x86_64-mingw32/bin/../lib/gcc/nios2-elf/8.3.1/../../../../../H-x86_64-mingw32/nios2-elf/lib\libc.a(lib_a-wsetup.o)
 .debug_aranges
                0x00000000000002b8       0x20 c:/intelfpga_lite/19.1/nios2eds/bin/gnu/h-x86_64-mingw32/bin/../lib/gcc/nios2-elf/8.3.1/../../../../../H-x86_64-mingw32/nios2-elf/lib\libc.a(closer.o)
 .debug_aranges
                0x00000000000002d8       0x28 c:/intelfpga_lite/19.1/nios2eds/bin/gnu/h-x86_64-mingw32/bin/../lib/gcc/nios2-elf/8.3.1/../../../../../H-x86_64-mingw32/nios2-elf/lib\libc.a(lib_a-fclose.o)
 .debug_aranges
                0x0000000000000300       0x30 c:/intelfpga_lite/19.1/nios2eds/bin/gnu/h-x86_64-mingw32/bin/../lib/gcc/nios2-elf/8.3.1/../../../../../H-x86_64-mingw32/nios2-elf/lib\libc.a(lib_a-fflush.o)
 .debug_aranges
                0x0000000000000330       0x28 c:/intelfpga_lite/19.1/nios2eds/bin/gnu/h-x86_64-mingw32/bin/../lib/gcc/nios2-elf/8.3.1/../../../../../H-x86_64-mingw32/nios2-elf/lib\libc.a(lib_a-freer.o)
 .debug_aranges
                0x0000000000000358       0x18 c:/intelfpga_lite/19.1/nios2eds/bin/gnu/h-x86_64-mingw32/bin/../lib/gcc/nios2-elf/8.3.1/../../../../../H-x86_64-mingw32/nios2-elf/lib\libc.a(lib_a-int_errno.o)
 .debug_aranges
                0x0000000000000370       0x20 c:/intelfpga_lite/19.1/nios2eds/bin/gnu/h-x86_64-mingw32/bin/../lib/gcc/nios2-elf/8.3.1/../../../../../H-x86_64-mingw32/nios2-elf/lib\libc.a(lib_a-lseekr.o)
 .debug_aranges
                0x0000000000000390       0x28 c:/intelfpga_lite/19.1/nios2eds/bin/gnu/h-x86_64-mingw32/bin/../lib/gcc/nios2-elf/8.3.1/../../../../../H-x86_64-mingw32/nios2-elf/lib\libc.a(lib_a-makebuf.o)
 .debug_aranges
                0x00000000000003b8       0x20 c:/intelfpga_lite/19.1/nios2eds/bin/gnu/h-x86_64-mingw32/bin/../lib/gcc/nios2-elf/8.3.1/../../../../../H-x86_64-mingw32/nios2-elf/lib\libc.a(lib_a-readr.o)
 .debug_aranges
                0x00000000000003d8       0x20 c:/intelfpga_lite/19.1/nios2eds/bin/gnu/h-x86_64-mingw32/bin/../lib/gcc/nios2-elf/8.3.1/../../../../../H-x86_64-mingw32/nios2-elf/lib\libc.a(lib_a-fstatr.o)
 .debug_aranges
                0x00000000000003f8       0x20 c:/intelfpga_lite/19.1/nios2eds/bin/gnu/h-x86_64-mingw32/bin/../lib/gcc/nios2-elf/8.3.1/../../../../../H-x86_64-mingw32/nios2-elf/lib\libc.a(lib_a-isattyr.o)
 .debug_aranges
                0x0000000000000418       0x20 c:/intelfpga_lite/19.1/nios2eds/bin/gnu/h-x86_64-mingw32/bin/../lib/gcc/nios2-elf/8.3.1\libgcc.a(lib2-divmod.o)
 .debug_aranges
                0x0000000000000438       0x20 C:/Users/jeff7/Documents/GitHub/FPGA/CPU-blinkLed/software/blinkLed_bsp/\libhal_bsp.a(alt_close.o)
 .debug_aranges
                0x0000000000000458       0x20 C:/Users/jeff7/Documents/GitHub/FPGA/CPU-blinkLed/software/blinkLed_bsp/\libhal_bsp.a(alt_dev.o)
 .debug_aranges
                0x0000000000000478       0x18 C:/Users/jeff7/Documents/GitHub/FPGA/CPU-blinkLed/software/blinkLed_bsp/\libhal_bsp.a(alt_errno.o)
 .debug_aranges
                0x0000000000000490       0x20 C:/Users/jeff7/Documents/GitHub/FPGA/CPU-blinkLed/software/blinkLed_bsp/\libhal_bsp.a(alt_fstat.o)
 .debug_aranges
                0x00000000000004b0       0x20 C:/Users/jeff7/Documents/GitHub/FPGA/CPU-blinkLed/software/blinkLed_bsp/\libhal_bsp.a(alt_isatty.o)
 .debug_aranges
                0x00000000000004d0       0x20 C:/Users/jeff7/Documents/GitHub/FPGA/CPU-blinkLed/software/blinkLed_bsp/\libhal_bsp.a(alt_load.o)
 .debug_aranges
                0x00000000000004f0       0x20 C:/Users/jeff7/Documents/GitHub/FPGA/CPU-blinkLed/software/blinkLed_bsp/\libhal_bsp.a(alt_lseek.o)
 .debug_aranges
                0x0000000000000510       0x20 C:/Users/jeff7/Documents/GitHub/FPGA/CPU-blinkLed/software/blinkLed_bsp/\libhal_bsp.a(alt_main.o)
 .debug_aranges
                0x0000000000000530       0x20 C:/Users/jeff7/Documents/GitHub/FPGA/CPU-blinkLed/software/blinkLed_bsp/\libhal_bsp.a(alt_malloc_lock.o)
 .debug_aranges
                0x0000000000000550       0x20 C:/Users/jeff7/Documents/GitHub/FPGA/CPU-blinkLed/software/blinkLed_bsp/\libhal_bsp.a(alt_read.o)
 .debug_aranges
                0x0000000000000570       0x20 C:/Users/jeff7/Documents/GitHub/FPGA/CPU-blinkLed/software/blinkLed_bsp/\libhal_bsp.a(alt_release_fd.o)
 .debug_aranges
                0x0000000000000590       0x20 C:/Users/jeff7/Documents/GitHub/FPGA/CPU-blinkLed/software/blinkLed_bsp/\libhal_bsp.a(alt_sbrk.o)
 .debug_aranges
                0x00000000000005b0       0x20 C:/Users/jeff7/Documents/GitHub/FPGA/CPU-blinkLed/software/blinkLed_bsp/\libhal_bsp.a(alt_write.o)
 .debug_aranges
                0x00000000000005d0       0x20 C:/Users/jeff7/Documents/GitHub/FPGA/CPU-blinkLed/software/blinkLed_bsp/\libhal_bsp.a(alt_sys_init.o)
 .debug_aranges
                0x00000000000005f0       0x20 C:/Users/jeff7/Documents/GitHub/FPGA/CPU-blinkLed/software/blinkLed_bsp/\libhal_bsp.a(altera_avalon_jtag_uart_fd.o)